******************************************************************************
                  TI ARM Linker PC v20.2.1                     
******************************************************************************
>> Linked Mon Oct  5 11:58:58 2020

OUTPUT FILE NAME:   <intercomponent_milestone.out>
ENTRY POINT SYMBOL: "resetISR"  address: 01018881


MEMORY CONFIGURATION

         name            origin    length      used     unused   attr    fill
----------------------  --------  ---------  --------  --------  ----  --------
  FLASH_HDR             01000000   000007ff  00000000  000007ff  R  X
  FLASH                 01000800   000ff800  000192fa  000e6506  R  X
  SRAM                  20000000   00040000  0000b70d  000348f3  RW X


SEGMENT ALLOCATION MAP

run origin  load origin   length   init length attrs members
----------  ----------- ---------- ----------- ----- -------
01000800    01000800    00019300   00019300    r-x
  01000800    01000800    00000040   00000040    r-- .resetVecs
  01000840    01000840    000186a4   000186a4    r-x .text
  01018ee4    01018ee4    00000a16   00000a16    r-- .const
  01019900    01019900    00000200   00000200    r-- .cinit
20000400    20000400    0000b004   00000000    rw-
  20000400    20000400    0000a275   00000000    rw- .bss
  2000a678    2000a678    00000d8c   00000000    rw- .data
2003fc00    2003fc00    00000400   00000000    rw-
  2003fc00    2003fc00    00000400   00000000    rw- .stack


SECTION ALLOCATION MAP

 output                                  attributes/
section   page    origin      length       input sections
--------  ----  ----------  ----------   ----------------
.resetVecs 
*          0    01000800    00000040     
                  01000800    00000040     freertos_builds_CC3220SF_LAUNCHXL_release_ccs.lib : startup_cc32xx_ccs.obj (.resetVecs:retain)

.text      0    01000840    000186a4     
                  01000840    00000a4e     rtsv7M4_T_le_eabi.lib : _printfi.c.obj (.text:__TI_printfi)
                  0100128e    00000002     ti_drivers_config.obj (.text:Board_initHook)
                  01001290    000008e8     simplelink.a : driver.obj (.text:_SlDrvMsgRead)
                  01001b78    000004bc                  : sl_socket.obj (.text:_SlSocketHandleAsync_Select)
                  01002034    0000042c     driverlib.a : prcm.obj (.text:PRCMCC3200MCUInit)
                  01002460    00000384     simplelink.a : driver.obj (.text:_SlDrvMsgWrite)
                  010027e4    00000320     network_if.obj (.text:Network_IF_ConnectAP)
                  01002b04    0000031c     simplelink.a : driver.obj (.text:_SlDrvReleasePoolObj)
                  01002e20    0000031c     A2D.obj (.text:jsmn_parse)
                  0100313c    00000314     mqtt_client_app.obj (.text:mainThread)
                  01003450    000002e0     simplelink.a : driver.obj (.text:_SlDrvWaitForPoolObj)
                  01003730    000002d8                  : driver.obj (.text:_SlDrvRxHdrRead)
                  01003a08    000002b0     mqtt_if.obj (.text:MQTTAppThread)
                  01003cb8    000002b0     simplelink.a : wlan.obj (.text:sl_WlanProfileAdd)
                  01003f68    000002ac                  : sl_socket.obj (.text:sl_Select)
                  01004214    00000290     task1.obj (.text:handle_data_state_machine)
                  010044a4    0000028d     network_if.obj (.text:SimpleLinkSockEventHandler)
                  01004731    00000001     --HOLE-- [fill = 0]
                  01004732    00000002     driverlib.a : interrupt.obj (.text:IntDefaultHandler)
                  01004734    0000027c     simplelink.a : wlan.obj (.text:sl_WlanConnect)
                  010049b0    00000278     freertos_builds_CC3220SF_LAUNCHXL_release_ccs.lib : mqueue.obj (.text:mq_open)
                  01004c28    00000268     rtsv7M4_T_le_eabi.lib : _printfi.c.obj (.text:_pconv_a)
                  01004e90    00000264     network_if.obj (.text:Network_IF_InitDriver)
                  010050f4    0000025c     simplelink.a : driver.obj (.text:_SlDrvDataReadOp)
                  01005350    0000024c     mqtt_if.obj (.text:MQTT_IF_Connect)
                  0100559c    00000238     mqtt_client_app.obj (.text:DisplayAppBanner)
                  010057d4    00000238     json_parser.obj (.text:parse_chain)
                  01005a0c    00000224     simplelink.a : driver.obj (.text:_SlDrvDriverCBInit)
                  01005c30    00000218                  : driver.obj (.text:_SlDrvDataWriteOp)
                  01005e48    0000020c     drivers_cc32xx.aem4 : UARTCC32XXDMA.oem4 (.text:UARTCC32XXDMA_open)
                  01006054    000001f4     simplelink.a : driver.obj (.text:_SlDrvMsgReadCmdCtx)
                  01006248    000001f2                  : netapp.obj (.text:_SlNetAppEventHandler)
                  0100643a    00000002     freertos_builds_CC3220SF_LAUNCHXL_release_ccs.lib : PowerCC32XX_freertos.obj (.text:PowerCC32XX_initPolicy)
                  0100643c    000001e8     mqtt_if.obj (.text:MQTT_IF_Subscribe)
                  01006624    000001e4     drivers_cc32xx.aem4 : GPIOCC32XX.oem4 (.text:GPIO_setConfig)
                  01006808    000001e1     network_if.obj (.text:SimpleLinkFatalErrorEventHandler)
                  010069e9    00000001     --HOLE-- [fill = 0]
                  010069ea    00000002     drivers_cc32xx.aem4 : TimerCC32XX.oem4 (.text:TimerCC32XX_init)
                  010069ec    000001e0     simplelink.a : device.obj (.text:sl_Stop)
                  01006bcc    000001d8     network_if.obj (.text:SimpleLinkWlanEventHandler)
                  01006da4    000001d0     drivers_cc32xx.aem4 : SPICC32XXDMA.oem4 (.text:SPICC32XXDMA_transfer)
                  01006f74    000001d0     freertos_builds_CC3220SF_LAUNCHXL_release_ccs.lib : queue.obj (.text:xQueueSemaphoreTake)
                  01007144    000001cc     rtsv7M4_T_le_eabi.lib : _printfi.c.obj (.text:_pconv_g)
                  01007310    000001c4     mqtt_client_app.obj (.text:WifiInit)
                  010074d4    000001b8     drivers_cc32xx.aem4 : SPICC32XXDMA.oem4 (.text:configDMA)
                  0100768c    000001b8     freertos_builds_CC3220SF_LAUNCHXL_release_ccs.lib : queue.obj (.text:xQueueGenericSend)
                  01007844    000001b6     rtsv7M4_T_le_eabi.lib : fd_add_t2.asm.obj (.text)
                  010079fa    00000002     drivers_cc32xx.aem4 : UARTCC32XXDMA.oem4 (.text:UARTCC32XXDMA_init)
                  010079fc    000001b4     simplelink.a : driver.obj (.text:_SlDrvReleaseAllActivePendingPoolObj)
                  01007bb0    000001b0     freertos_builds_CC3220SF_LAUNCHXL_release_ccs.lib : PowerCC32XX_freertos.obj (.text:PowerCC32XX_sleepPolicy)
                  01007d60    000001a8     simplelink.a : sl_socket.obj (.text:sl_Accept)
                  01007f08    000001a4     mqtt_if.obj (.text:MQTT_IF_Init)
                  010080ac    00000198     slnetsock_release.a : slnetsock.oem4 (.text:SlNetSock_select)
                  01008244    00000190     simplelink.a : sl_socket.obj (.text:_SlDrvRegisterForSelectAsync)
                  010083d4    00000190     freertos_builds_CC3220SF_LAUNCHXL_release_ccs.lib : timers.obj (.text:prvProcessReceivedCommands)
                  01008564    0000018c     A2D.obj (.text:jsmn_parse_string)
                  010086f0    00000184     simplelink.a : driver.obj (.text:_SlDrvFindAndSetActiveObj)
                  01008874    00000180     network_if.obj (.text:SimpleLinkNetAppEventHandler)
                  010089f4    0000017c     freertos_builds_CC3220SF_LAUNCHXL_release_ccs.lib : heap_4.obj (.text:pvPortMalloc)
                  01008b70    0000017c                                                       : queue.obj (.text:xQueueReceive)
                  01008cec    00000178     simplelink.a : sl_socket.obj (.text:sl_Connect)
                  01008e64    00000170                  : netapp.obj (.text:sl_NetAppDnsGetHostByName)
                  01008fd4    00000160     mqtt_release.a : mqtt_net_func.oem4 (.text:createSocket)
                  01009134    00000158     drivers_cc32xx.aem4 : SPICC32XXDMA.oem4 (.text:SPICC32XXDMA_open)
                  0100928c    00000158     freertos_builds_CC3220SF_LAUNCHXL_release_ccs.lib : tasks.obj (.text:xTaskIncrementTick)
                  010093e4    00000154     mqtt_release.a : mqttclient.oem4 (.text:MQTTClient_connect)
                  01009538    00000154     simplelink.a : sl_socket.obj (.text:sl_RecvFrom)
                  0100968c    00000148                  : sl_socket.obj (.text:_SlDrvGetNextTimeoutValue)
                  010097d4    00000148     json_parser.obj (.text:encode_analytics)
                  0100991c    00000148     drivers_cc32xx.aem4 : PowerCC32XX.oem4 (.text:parkPins)
                  01009a64    00000148     simplelink.a : sl_socket.obj (.text:sl_StartTLS)
                  01009bac    00000140                  : driver.obj (.text:_SlDrvMsgReadSpawnCtx)
                  01009cec    0000013c     rtsv7M4_T_le_eabi.lib : _printfi.c.obj (.text:_pconv_e)
                  01009e28    00000138     drivers_cc32xx.aem4 : PowerCC32XX.oem4 (.text:Power_sleep)
                  01009f60    00000138     simplelink.a : driver.obj (.text:_SlSpawnMsgListInsert)
                  0100a098    00000138     freertos_builds_CC3220SF_LAUNCHXL_release_ccs.lib : pthread.obj (.text:pthread_create)
                  0100a1d0    00000136     rtsv7M4_T_le_eabi.lib : fd_div_t2.asm.obj (.text)
                  0100a306    00000002     freertos_builds_CC3220SF_LAUNCHXL_release_ccs.lib : startup_cc32xx_ccs.obj (.text:busFaultHandler)
                  0100a308    00000134     simplelink.a : sl_socket.obj (.text:_SlSocketHandleAsync_StartTLS)
                  0100a43c    00000130                  : driver.obj (.text:_SlDrvDriverCBDeinit)
                  0100a56c    00000128     drivers_cc32xx.aem4 : TimerCC32XX.oem4 (.text:TimerCC32XX_open)
                  0100a694    00000128     simplelink.a : driver.obj (.text:_SlDrvClassifyRxMsg)
                  0100a7bc    00000128     freertos_builds_CC3220SF_LAUNCHXL_release_ccs.lib : tasks.obj (.text:prvInitialiseNewTask)
                  0100a8e4    00000124     simplelink.a : fs.obj (.text:sl_FsOpen)
                  0100aa08    00000120                  : driver.obj (.text:_SlDrvAsyncEventGenericHandler)
                  0100ab28    00000120     rtsv7M4_T_le_eabi.lib : _printfi.c.obj (.text:fcvt)
                  0100ac48    0000011c     simplelink.a : device.obj (.text:sl_Start)
                  0100ad64    0000011c     freertos_builds_CC3220SF_LAUNCHXL_release_ccs.lib : tasks.obj (.text:xTaskResumeAll)
                  0100ae80    00000119     mqtt_client_app.obj (.text:MQTT_EventCallback)
                  0100af99    00000001     --HOLE-- [fill = 0]
                  0100af9a    00000002     freertos_builds_CC3220SF_LAUNCHXL_release_ccs.lib : startup_cc32xx_ccs.obj (.text:defaultHandler)
                  0100af9c    00000118     simplelink.a : netapp.obj (.text:_SlNetAppHandleAsync_DnsGetHostByService)
                  0100b0b4    00000112     mqtt_release.a : mqtt_common.oem4 (.text:MQTT_PacketRecv)
                  0100b1c6    00000002     freertos_builds_CC3220SF_LAUNCHXL_release_ccs.lib : startup_cc32xx_ccs.obj (.text:faultISR)
                  0100b1c8    00000110     rtsv7M4_T_le_eabi.lib : strtoul.c.obj (.text:strtoul)
                  0100b2d8    0000010a     freertos_builds_CC3220SF_LAUNCHXL_release_ccs.lib : queue.obj (.text:xQueueGenericSendFromISR)
                  0100b3e2    00000002                                                       : startup_cc32xx_ccs.obj (.text:nmiISR)
                  0100b3e4    00000108     slnetsock_release.a : slnetutils.oem4 (.text:SlNetUtil_str2BinIpV6)
                  0100b4ec    00000104     simplelink.a : device.obj (.text:_SlDeviceEventHandler)
                  0100b5f0    00000104                  : driver.obj (.text:_SlDrvCmdOp)
                  0100b6f4    00000104     freertos_builds_CC3220SF_LAUNCHXL_release_ccs.lib : tasks.obj (.text:vTaskPriorityDisinheritAfterTimeout)
                  0100b7f8    00000100     simplelink.a : driver.obj (.text:_SlDrvObjGlobalLockWaitForever)
                  0100b8f8    00000100                  : fs.obj (.text:sl_FsWrite)
                  0100b9f8    00000100     freertos_builds_CC3220SF_LAUNCHXL_release_ccs.lib : tasks.obj (.text:vTaskDelete)
                  0100baf8    000000fc     rtsv7M4_T_le_eabi.lib : fd_mul_t2.asm.obj (.text)
                  0100bbf4    000000fc     freertos_builds_CC3220SF_LAUNCHXL_release_ccs.lib : tasks.obj (.text:vTaskSuspend)
                  0100bcf0    000000fa                                                       : event_groups.obj (.text:xEventGroupSetBits)
                  0100bdea    00000002     rtsv7M4_T_le_eabi.lib : div0.asm.obj (.text)
                  0100bdec    000000f8     mqtt_release.a : mqttclient.oem4 (.text:MqttClientCtxCreate)
                  0100bee4    000000f8     slnetifwifi.a : slnetifwifi.obj (.text:SlNetIfWifi_loadSecObj)
                  0100bfdc    000000f8     drivers_cc32xx.aem4 : UARTCC32XXDMA.oem4 (.text:UARTCC32XXDMA_close)
                  0100c0d4    000000f8     simplelink.a : sl_socket.obj (.text:sl_Close)
                  0100c1cc    000000f8     mqtt_release.a : client_core.oem4 (.text:utf8ArraySend)
                  0100c2c4    000000f6                    : mqtt_net_func.oem4 (.text:MQTTNet_commOpen)
                  0100c3ba    00000002     --HOLE-- [fill = 0]
                  0100c3bc    000000f4     simplelink.a : sl_socket.obj (.text:sl_SendTo)
                  0100c4b0    000000f2     drivers_cc32xx.aem4 : SPICC32XXDMA.oem4 (.text:SPICC32XXDMA_transferCancel)
                  0100c5a2    000000f0     freertos_builds_CC3220SF_LAUNCHXL_release_ccs.lib : queue.obj (.text:xQueueGiveFromISR)
                  0100c692    00000002     --HOLE-- [fill = 0]
                  0100c694    000000e8     drivers_cc32xx.aem4 : UARTCC32XXDMA.oem4 (.text:initHw)
                  0100c77c    000000e4     slnetsock_release.a : slnetif.oem4 (.text:SlNetIf_add)
                  0100c860    000000e4     main_freertos.obj (.text:main)
                  0100c944    000000e0     freertos_builds_CC3220SF_LAUNCHXL_release_ccs.lib : tasks.obj (.text:xTaskPriorityDisinherit)
                  0100ca24    000000de     mqtt_release.a : client_core.oem4 (.text:connectMsgSend)
                  0100cb02    00000002     --HOLE-- [fill = 0]
                  0100cb04    000000dc     freertos_builds_CC3220SF_LAUNCHXL_release_ccs.lib : tasks.obj (.text:vTaskSwitchContext)
                  0100cbe0    000000d8     uart_term.obj (.text:GetCmd)
                  0100ccb8    000000d8     drivers_cc32xx.aem4 : SPICC32XXDMA.oem4 (.text:SPICC32XXDMA_close)
                  0100cd90    000000d8     simplelink.a : device.obj (.text:_SlDeviceHandleAsync_InitComplete)
                  0100ce68    000000d8                  : driver.obj (.text:_SlDrvWaitForInternalAsyncEvent)
                  0100cf40    000000d8                  : netapp.obj (.text:_SlNetAppHandleAsync_NetAppReceive)
                  0100d018    000000d8     freertos_builds_CC3220SF_LAUNCHXL_release_ccs.lib : queue.obj (.text:xQueueReceiveFromISR)
                  0100d0f0    000000d4                                                       : tasks.obj (.text:xTaskPriorityInherit)
                  0100d1c4    000000d0     mqtt_client_app.obj (.text:SetClientIdNamefromMacAddress)
                  0100d294    000000d0     simplelink.a : driver.obj (.text:_SlDrvRemoveFromList)
                  0100d364    000000d0     rtsv7M4_T_le_eabi.lib : s_scalbn.c.obj (.text:scalbn)
                  0100d434    000000cc     mqtt_release.a : mqttclient.oem4 (.text:processNotifyAckCB)
                  0100d500    000000c8     A2D.obj (.text:jsmn_parse_primitive)
                  0100d5c8    000000c8     drivers_cc32xx.aem4 : SPICC32XXDMA.oem4 (.text:spiHwiFxn)
                  0100d690    000000c4                         : GPIOCC32XX.oem4 (.text:GPIO_init)
                  0100d754    000000c4     freertos_builds_CC3220SF_LAUNCHXL_release_ccs.lib : tasks.obj (.text:prvAddNewTaskToReadyList)
                  0100d818    000000c0     mqtt_release.a : mqttclient.oem4 (.text:MqttClientSub)
                  0100d8d8    000000c0     simplelink.a : cc_pal.obj (.text:NwpPowerOff)
                  0100d998    000000c0     drivers_cc32xx.aem4 : PowerCC32XX.oem4 (.text:restoreParkedPins)
                  0100da58    000000c0     simplelink.a : netcfg.obj (.text:sl_NetCfgGet)
                  0100db18    000000c0     freertos_builds_CC3220SF_LAUNCHXL_release_ccs.lib : port.obj (.text:xPortStartScheduler)
                  0100dbd8    000000bf     task1.obj (.text:task1Thread)
                  0100dc97    00000001     --HOLE-- [fill = 0]
                  0100dc98    000000bc     simplelink.a : netapp.obj (.text:_SlNetAppSendResponse)
                  0100dd54    000000bc     mqtt_release.a : client_core.oem4 (.text:clCtxConnStateTryLocked)
                  0100de10    000000bc     freertos_builds_CC3220SF_LAUNCHXL_release_ccs.lib : queue.obj (.text:prvCopyDataToQueue)
                  0100decc    000000bc                                                       : heap_4.obj (.text:prvHeapInit)
                  0100df88    000000bc                                                       : timers.obj (.text:prvSwitchTimerLists)
                  0100e044    000000bc     simplelink.a : sl_socket.obj (.text:sl_Send)
                  0100e100    000000ba     freertos_builds_CC3220SF_LAUNCHXL_release_ccs.lib : portasm.obj (.text)
                  0100e1ba    00000002     --HOLE-- [fill = 0]
                  0100e1bc    000000b8     mqtt_if.obj (.text:MQTTClientCallback)
                  0100e274    000000b8     drivers_cc32xx.aem4 : UARTCC32XXDMA.oem4 (.text:UARTCC32XXDMA_configDMA)
                  0100e32c    000000b8     simplelink.a : netapp.obj (.text:_SlNetAppHandleAsync_DnsGetHostByName)
                  0100e3e4    000000b8                  : netapp.obj (.text:_SlNetAppHandleAsync_PingResponse)
                  0100e49c    000000b8                  : device.obj (.text:sl_DeviceGet)
                  0100e554    000000b8                  : wlan.obj (.text:sl_WlanGet)
                  0100e60c    000000b8     freertos_builds_CC3220SF_LAUNCHXL_release_ccs.lib : queue.obj (.text:xQueueGenericReset)
                  0100e6c4    000000b4     mqtt_release.a : mqttclient.oem4 (.text:MqttClient_send)
                  0100e778    000000b4     drivers_cc32xx.aem4 : UARTCC32XXDMA.oem4 (.text:UARTCC32XXDMA_hwiIntFxn)
                  0100e82c    000000b4     simplelink.a : driver.obj (.text:_SlDrvHandleFatalError)
                  0100e8e0    000000b4                  : netutil.obj (.text:_SlNetUtilHandleAsync_Cmd)
                  0100e994    000000b4     freertos_builds_CC3220SF_LAUNCHXL_release_ccs.lib : clock.obj (.text:_clock_abstime2ticks)
                  0100ea48    000000b4     debug.obj (.text:dbgOutputLoc)
                  0100eafc    000000b4     simplelink.a : sl_socket.obj (.text:sl_GetSockOpt)
                  0100ebb0    000000b1     rtsv7M4_T_le_eabi.lib : _printfi.c.obj (.text:_ltostr)
                  0100ec61    00000003     --HOLE-- [fill = 0]
                  0100ec64    000000b0     slnetifwifi.a : slnetifwifi.obj (.text:SlNetIfWifi_getSockOpt)
                  0100ed14    000000b0     freertos_builds_CC3220SF_LAUNCHXL_release_ccs.lib : tasks.obj (.text:prvAddCurrentTaskToDelayedList)
                  0100edc4    000000b0                                                       : tasks.obj (.text:xTaskCheckForTimeOut)
                  0100ee74    000000ae     slnetifwifi.a : slnetifwifi.obj (.text:matchModeByRole)
                  0100ef22    000000ae     freertos_builds_CC3220SF_LAUNCHXL_release_ccs.lib : queue.obj (.text:prvUnlockQueue)
                  0100efd0    000000ac     simplelink.a : sl_socket.obj (.text:_SlSocketHandleAsync_Close)
                  0100f07c    000000ac                  : sl_socket.obj (.text:_SlSocketHandleAsync_Connect)
                  0100f128    000000ac     freertos_builds_CC3220SF_LAUNCHXL_release_ccs.lib : clock.obj (.text:clock_gettime)
                  0100f1d4    000000ac                                                       : tasks.obj (.text:vTaskRemoveFromUnorderedEventList)
                  0100f280    000000a8     driverlib.a : interrupt.obj (.text:IntDisable)
                  0100f328    000000a8                 : interrupt.obj (.text:IntEnable)
                  0100f3d0    000000a8     network_if.obj (.text:Network_IF_IpConfigGet)
                  0100f478    000000a8     driverlib.a : prcm.obj (.text:PRCMPeripheralClockGet)
                  0100f520    000000a8     drivers_cc32xx.aem4 : PowerCC32XX.oem4 (.text:PowerCC32XX_configureWakeup)
                  0100f5c8    000000a8     freertos_builds_CC3220SF_LAUNCHXL_release_ccs.lib : heap_4.obj (.text:prvInsertBlockIntoFreeList)
                  0100f670    000000a8     simplelink.a : fs.obj (.text:sl_FsClose)
                  0100f718    000000a8     task1.obj (.text:task1_timerCallback)
                  0100f7c0    000000a8     freertos_builds_CC3220SF_LAUNCHXL_release_ccs.lib : heap_4.obj (.text:vPortFree)
                  0100f868    000000a8                                                       : tasks.obj (.text:xTaskRemoveFromEventList)
                  0100f910    000000a6     uart_term.obj (.text:Report)
                  0100f9b6    000000a6     simplelink.a : driver.obj (.text:_SlDrvIsTimeoutExpired)
                  0100fa5c    000000a4     mqtt_release.a : mqttclient.oem4 (.text:MQTTClient_create)
                  0100fb00    000000a4                    : mqttclient.oem4 (.text:MQTTClient_delete)
                  0100fba4    000000a4                    : mqttclient.oem4 (.text:MqttClientConfig)
                  0100fc48    000000a4     A2D.obj (.text:getIRSensorReading)
                  0100fcec    000000a4     simplelink.a : sl_socket.obj (.text:sl_Bind)
                  0100fd90    000000a0     freertos_builds_CC3220SF_LAUNCHXL_release_ccs.lib : ClockP_freertos.obj (.text:ClockP_create)
                  0100fe30    000000a0     simplelink.a : fs.obj (.text:FsGetCreateFsMode)
                  0100fed0    000000a0                  : sl_socket.obj (.text:_SlDrvUnRegisterForSelectAsync)
                  0100ff70    000000a0                  : driver.obj (.text:_SlSpawnMsgListProcess)
                  01010010    0000009e                  : cc_pal.obj (.text:spi_Read)
                  010100ae    0000009e                  : cc_pal.obj (.text:spi_Write)
                  0101014c    0000009c     mqtt_release.a : client_core.oem4 (.text:MQTTClientCore_initLib)
                  010101e8    0000009c                    : client_core.oem4 (.text:MQTTClientCore_sendPubMsg)
                  01010284    0000009c                    : client_core.oem4 (.text:_msgDispatch)
                  01010320    0000009c     rtsv7M4_T_le_eabi.lib : memcpy_t2.asm.obj (.text)
                  010103bc    0000009a     mqtt_release.a : client_core.oem4 (.text:procPubMsgRx)
                  01010456    00000002     --HOLE-- [fill = 0]
                  01010458    00000098     mqtt_if.obj (.text:MQTT_IF_Publish)
                  010104f0    00000098     uart_term.obj (.text:TrimSpace)
                  01010588    00000098     drivers_cc32xx.aem4 : GPIOCC32XX.oem4 (.text:powerNotifyFxn)
                  01010620    00000098     task2.obj (.text:task2Thread)
                  010106b8    00000096     mqtt_release.a : mqtt_net_func.oem4 (.text:MQTTNet_tcpSelect)
                  0101074e    00000096     rtsv7M4_T_le_eabi.lib : ull_div_t2.asm.obj (.text)
                  010107e4    00000094     drivers_cc32xx.aem4 : ADCCC32XX.oem4 (.text:ADCCC32XX_open)
                  01010878    00000094     simplelink.a : cc_pal.obj (.text:Semaphore_pend_handle)
                  0101090c    00000094     drivers_cc32xx.aem4 : SPICC32XXDMA.oem4 (.text:initHw)
                  010109a0    00000094     freertos_builds_CC3220SF_LAUNCHXL_release_ccs.lib : tasks.obj (.text:vTaskStartScheduler)
                  01010a34    00000092     slnetsock_release.a : slnetsock.oem4 (.text:SlNetSock_create)
                  01010ac6    00000002     --HOLE-- [fill = 0]
                  01010ac8    00000090                         : slnetsock.oem4 (.text:SlNetSock_getVirtualSdConf)
                  01010b58    00000090     simplelink.a : device.obj (.text:_SlDeviceHandleAsync_Stop)
                  01010be8    00000090                  : sl_socket.obj (.text:_SlSocketHandleAsync_Accept)
                  01010c78    00000090     mqtt_release.a : mqttclient.oem4 (.text:processPublishRxCB)
                  01010d08    00000090     drivers_cc32xx.aem4 : PowerCC32XX.oem4 (.text:restoreNVICRegs)
                  01010d98    0000008c     mqtt_release.a : client_core.oem4 (.text:MQTTClientCore_createCtx)
                  01010e24    0000008c     slnetsock_release.a : slnetsock.oem4 (.text:SlNetSock_accept)
                  01010eb0    0000008c     drivers_cc32xx.aem4 : UARTCC32XXDMA.oem4 (.text:UARTCC32XXDMA_write)
                  01010f3c    0000008c     simplelink.a : driver.obj (.text:_SlDrvDriverIsApiAllowed)
                  01010fc8    0000008c                  : driver.obj (.text:_SlDrvProtectAsyncRespSetting)
                  01011054    0000008c     freertos_builds_CC3220SF_LAUNCHXL_release_ccs.lib : clock.obj (.text:_clock_gettimeMono)
                  010110e0    0000008c     simplelink.a : sl_socket.obj (.text:sl_Recv)
                  0101116c    00000088     task2.obj (.text:ChainCB)
                  010111f4    00000088     driverlib.a : pin.obj (.text:PinConfigSet)
                  0101127c    00000088     drivers_cc32xx.aem4 : TimerCC32XX.oem4 (.text:TimerCC32XX_setPeriod)
                  01011304    00000088     mqtt_release.a : client_core.oem4 (.text:procConnackRx)
                  0101138c    00000088     freertos_builds_CC3220SF_LAUNCHXL_release_ccs.lib : timers.obj (.text:prvProcessTimerOrBlockTask)
                  01011414    00000088     simplelink.a : eventreg.obj (.text:sl_UnregisterLibsEventHandler)
                  0101149c    00000088     mqtt_release.a : client_core.oem4 (.text:wrConnectPayload)
                  01011524    00000086     rtsv7M4_T_le_eabi.lib : fd_cmp_t2.asm.obj (.text:__aeabi_cdcmple)
                  010115aa    00000086                           : fd_cmp_t2.asm.obj (.text:__aeabi_cdrcmple)
                  01011630    00000084     mqtt_if.obj (.text:MQTTHelperTopicMatching)
                  010116b4    00000084     drivers_cc32xx.aem4 : PowerCC32XX.oem4 (.text:Power_init)
                  01011738    00000084     slnetifwifi.a : slnetifwifi.obj (.text:SlNetIfWifi_sockstartSec)
                  010117bc    00000084     slnetsock_release.a : slnetutils.oem4 (.text:SlNetUtil_getHostByName)
                  01011840    00000084     mqtt_release.a : client_core.oem4 (.text:mqpSetupProcCtxDataRecv)
                  010118c4    00000084     drivers_cc32xx.aem4 : PowerCC32XX.oem4 (.text:saveNVICRegs)
                  01011948    00000084     simplelink.a : sl_socket.obj (.text:sl_SetSockOpt)
                  010119cc    00000084     freertos_builds_CC3220SF_LAUNCHXL_release_ccs.lib : timers.obj (.text:xTimerGenericCommand)
                  01011a50    00000083     json_parser.obj (.text:encodeIR_avg)
                  01011ad3    00000001     --HOLE-- [fill = 0]
                  01011ad4    00000080     drivers_cc32xx.aem4 : PowerCC32XX.oem4 (.text:Power_setDependency)
                  01011b54    00000080                         : UARTCC32XXDMA.oem4 (.text:UARTCC32XXDMA_read)
                  01011bd4    00000080     mqtt_release.a : client_core.oem4 (.text:clCtxPartSend)
                  01011c54    00000080     freertos_builds_CC3220SF_LAUNCHXL_release_ccs.lib : timers.obj (.text:prvProcessExpiredTimer)
                  01011cd4    0000007c     mqtt_if.obj (.text:MQTTContextThread)
                  01011d50    0000007c     drivers_cc32xx.aem4 : UDMACC32XX.oem4 (.text:UDMACC32XX_open)
                  01011dcc    0000007c     mqtt_release.a : client_core.oem4 (.text:procCtxDataRecv)
                  01011e48    0000007a     drivers_cc32xx.aem4 : UARTCC32XXDMA.oem4 (.text:UARTCC32XXDMA_readPolling)
                  01011ec2    0000007a     freertos_builds_CC3220SF_LAUNCHXL_release_ccs.lib : pthread.obj (.text:removeThreadKeys)
                  01011f3c    0000007a     rtsv7M4_T_le_eabi.lib : memset_t2.asm.obj (.text)
                  01011fb6    0000007a     freertos_builds_CC3220SF_LAUNCHXL_release_ccs.lib : tasks.obj (.text:xTaskCreate)
                  01012030    00000078     drivers_cc32xx.aem4 : GPIOCC32XX.oem4 (.text:GPIO_hwiIntFxn)
                  010120a8    00000078     mqtt_release.a : mqtt_net_func.oem4 (.text:MQTTNet_recvFrom)
                  01012120    00000078     drivers_cc32xx.aem4 : TimerCC32XX.oem4 (.text:TimerCC32XX_start)
                  01012198    00000078     freertos_builds_CC3220SF_LAUNCHXL_release_ccs.lib : timers.obj (.text:prvInsertTimerInActiveList)
                  01012210    00000078     simplelink.a : sl_socket.obj (.text:sl_Socket)
                  01012288    00000074     drivers_cc32xx.aem4 : ADCCC32XX.oem4 (.text:ADCCC32XX_close)
                  010122fc    00000074     mqtt_release.a : mqtt_net_func.oem4 (.text:MQTTNet_tcpAccept)
                  01012370    00000074     slnetsock_release.a : slnetsock.oem4 (.text:SlNetSock_AllocVirtualSocket)
                  010123e4    00000074     mqtt_release.a : client_core.oem4 (.text:groupCtxsRxPrep)
                  01012458    00000074     freertos_builds_CC3220SF_LAUNCHXL_release_ccs.lib : tasks.obj (.text:prvInitialiseTaskLists)
                  010124cc    00000074                                                       : pthread_mutex.obj (.text:pthread_mutex_init)
                  01012540    00000074                                                       : port.obj (.text:vPortValidateInterruptPriority)
                  010125b4    00000072     mqtt_release.a : mqtt_common.oem4 (.text:MQTT_packetProcPubRx)
                  01012626    00000002     --HOLE-- [fill = 0]
                  01012628    00000070     slnetsock_release.a : slnetsock.oem4 (.text:SlNetSock_secAttribSet)
                  01012698    00000070     simplelink.a : driver.obj (.text:_SlDrvCmdSend_noLock)
                  01012708    00000070     task2.obj (.text:createTask2)
                  01012778    00000070     debug.obj (.text:dbgErrorRoutine)
                  010127e8    00000070     task1.obj (.text:publishAnalytics)
                  01012858    00000070     freertos_builds_CC3220SF_LAUNCHXL_release_ccs.lib : ClockP_freertos.obj (.text:setClockObjTimeout)
                  010128c8    0000006e     rtsv7M4_T_le_eabi.lib : _printfi.c.obj (.text:_mcpy)
                  01012936    00000002     --HOLE-- [fill = 0]
                  01012938    0000006c     mqtt_release.a : mqttclient.oem4 (.text:MQTTClient_run)
                  010129a4    0000006c     slnetsock_release.a : slnetutils.oem4 (.text:SlNetUtil_str2BinIpV4)
                  01012a10    0000006c     simplelink.a : device.obj (.text:_SlDeviceHandleResetRequestInternally)
                  01012a7c    0000006c                  : sl_socket.obj (.text:_SlDrvOpenCtrlSocket)
                  01012ae8    0000006c                  : netapp.obj (.text:_SlNetAppSendTokenValue)
                  01012b54    0000006a     mqtt_release.a : mqtt_net_func.oem4 (.text:MQTTNet_sendTo)
                  01012bbe    00000068                    : mqtt_common.oem4 (.text:MQTT_qos2PubCqUnlog)
                  01012c26    00000002     --HOLE-- [fill = 0]
                  01012c28    00000068     simplelink.a : driver.obj (.text:_SlSpawnMsgListGetCount)
                  01012c90    00000068     rtsv7M4_T_le_eabi.lib : copy_decompress_lzss.c.obj (.text:decompress:lzss:__TI_decompress_lzss)
                  01012cf8    00000068     simplelink.a : cc_pal.obj (.text:spi_Open)
                  01012d60    00000066     freertos_builds_CC3220SF_LAUNCHXL_release_ccs.lib : timers.obj (.text:prvInitialiseNewTimer)
                  01012dc6    00000066                                                       : memory.obj (.text:realloc)
                  01012e2c    00000066                                                       : list.obj (.text:vListInsert)
                  01012e92    00000002     --HOLE-- [fill = 0]
                  01012e94    00000064     drivers_cc32xx.aem4 : ADCCC32XX.oem4 (.text:ADCCC32XX_convert)
                  01012ef8    00000064     freertos_builds_CC3220SF_LAUNCHXL_release_ccs.lib : ClockP_freertos.obj (.text:ClockP_stop)
                  01012f5c    00000064     drivers_cc32xx.aem4 : GPIOCC32XX.oem4 (.text:GPIO_toggle)
                  01012fc0    00000064     mqtt_release.a : mqtt_common.oem4 (.text:MQTT_packetPubAppendTopic)
                  01013024    00000064     drivers_cc32xx.aem4 : PowerCC32XX.oem4 (.text:PowerCC32XX_setParkState)
                  01013088    00000064     freertos_builds_CC3220SF_LAUNCHXL_release_ccs.lib : pthread_mutex.obj (.text:acquireMutex)
                  010130ec    00000064     mqtt_release.a : client_core.oem4 (.text:clientReset)
                  01013150    00000064     task1.obj (.text:createTask1)
                  010131b4    00000064     mqtt_release.a : client_core.oem4 (.text:doNetClose)
                  01013218    00000064     freertos_builds_CC3220SF_LAUNCHXL_release_ccs.lib : tasks.obj (.text:prvGetExpectedIdleTime)
                  0101327c    00000060                                                       : HwiPCC32XX_freertos.obj (.text:HwiP_create)
                  010132dc    00000060     driverlib.a : prcm.obj (.text:PRCMSysResetCauseGet)
                  0101333c    00000060     slnetsock_release.a : slnetsock.oem4 (.text:SlNetSock_recvFrom)
                  0101339c    00000060                         : slnetsock.oem4 (.text:SlNetSock_sendTo)
                  010133fc    00000060     drivers_cc32xx.aem4 : UARTCC32XXDMA.oem4 (.text:UARTCC32XXDMA_control)
                  0101345c    00000060     task1.obj (.text:init_timers)
                  010134bc    00000060     freertos_builds_CC3220SF_LAUNCHXL_release_ccs.lib : pthread_mutex.obj (.text:pthread_mutex_unlock)
                  0101351c    00000060                                                       : queue.obj (.text:xQueueGenericCreate)
                  0101357c    0000005e     slnetifwifi.a : slnetifwifi.obj (.text:SlNetIfWifi_setSockOpt)
                  010135da    0000005e     freertos_builds_CC3220SF_LAUNCHXL_release_ccs.lib : semaphore.obj (.text:sem_timedwait)
                  01013638    0000005e                                                       : event_groups.obj (.text:xEventGroupClearBits)
                  01013696    00000002     --HOLE-- [fill = 0]
                  01013698    0000005c     drivers_cc32xx.aem4 : GPIOCC32XX.oem4 (.text:GPIO_setCallback)
                  010136f4    0000005c     mqtt_release.a : client_core.oem4 (.text:MQTTClientCore_exitLib)
                  01013750    0000005c                    : mqtt_net_func.oem4 (.text:MQTTNet_tcpListen)
                  010137ac    0000005c     simplelink.a : spawn.obj (.text:_SlInternalSpawn)
                  01013808    0000005c     freertos_builds_CC3220SF_LAUNCHXL_release_ccs.lib : memory.obj (.text:calloc)
                  01013864    0000005c     rtsv7M4_T_le_eabi.lib : s_frexp.c.obj (.text:frexp)
                  010138c0    0000005c     freertos_builds_CC3220SF_LAUNCHXL_release_ccs.lib : tasks.obj (.text:prvIdleTask)
                  0101391c    0000005c                                                       : pthread.obj (.text:pthread_exit)
                  01013978    0000005c                                                       : queue.obj (.text:vQueueWaitForMessageRestricted)
                  010139d4    0000005c                                                       : tasks.obj (.text:vTaskDelay)
                  01013a30    0000005a     json_parser.obj (.text:encode_chain)
                  01013a8a    00000002     --HOLE-- [fill = 0]
                  01013a8c    00000058     drivers_cc32xx.aem4 : GPIOCC32XX.oem4 (.text:GPIO_write)
                  01013ae4    00000058     driverlib.a : interrupt.obj (.text:IntPendClear)
                  01013b3c    00000058                 : prcm.obj (.text:PRCMPeripheralReset)
                  01013b94    00000058     drivers_cc32xx.aem4 : PowerCC32XX.oem4 (.text:Power_releaseDependency)
                  01013bec    00000058     slnetsock_release.a : slnetsock.oem4 (.text:SlNetSock_recv)
                  01013c44    00000058                         : slnetsock.oem4 (.text:SlNetSock_send)
                  01013c9c    00000058     simplelink.a : sl_socket.obj (.text:_SlDrvClearCtrlSocket)
                  01013cf4    00000058     mqtt_release.a : client_core.oem4 (.text:clRecv)
                  01013d4c    00000058     freertos_builds_CC3220SF_LAUNCHXL_release_ccs.lib : tasks.obj (.text:eTaskConfirmSleepModeStatus)
                  01013da4    00000058     mqtt_release.a : client_core.oem4 (.text:singleCtxKaSequence)
                  01013dfc    00000058     simplelink.a : sl_socket.obj (.text:sl_Listen)
                  01013e54    00000058                  : eventreg.obj (.text:sl_RegisterLibsEventHandler)
                  01013eac    00000058     freertos_builds_CC3220SF_LAUNCHXL_release_ccs.lib : port.obj (.text:vPortSetupTimerInterrupt)
                  01013f04    00000058                                                       : queue.obj (.text:xQueueCreateCountingSemaphore)
                  01013f5c    00000058                                                       : queue.obj (.text:xQueueTakeMutexRecursive)
                  01013fb4    00000056     mqtt_release.a : mqtt_common.oem4 (.text:MQTT_packetPubAppendData)
                  0101400a    00000056     freertos_builds_CC3220SF_LAUNCHXL_release_ccs.lib : SemaphoreP_freertos.obj (.text:SemaphoreP_create)
                  01014060    00000056     drivers_cc32xx.aem4 : TimerCC32XX.oem4 (.text:TimerCC32XX_stop)
                  010140b6    00000056     rtsv7M4_T_le_eabi.lib : _printfi.c.obj (.text:_pconv_f)
                  0101410c    00000056     mqtt_release.a : client_core.oem4 (.text:procAckMsgRx)
                  01014162    00000002     --HOLE-- [fill = 0]
                  01014164    00000054     freertos_builds_CC3220SF_LAUNCHXL_release_ccs.lib : ClockP_freertos.obj (.text:ClockP_delete)
                  010141b8    00000054     uart_term.obj (.text:InitTerm)
                  0101420c    00000054     driverlib.a : interrupt.obj (.text:IntPrioritySet)
                  01014260    00000054     mqtt_release.a : client_core.oem4 (.text:MQTTClientCore_deleteCtx)
                  010142b4    00000054                    : client_core.oem4 (.text:MQTTClientCore_sendDisconn)
                  01014308    00000054     simplelink.a : driver.obj (.text:_SlDrvRxIrqHandler)
                  0101435c    00000054     rtsv7M4_T_le_eabi.lib : _ltoa.c.obj (.text:__TI_ltoa)
                  010143b0    00000054     mqtt_release.a : client_core.oem4 (.text:grpNetSetupCreate)
                  01014404    00000054     freertos_builds_CC3220SF_LAUNCHXL_release_ccs.lib : timers.obj (.text:xTimerCreateTimerTask)
                  01014458    00000052     drivers_cc32xx.aem4 : PowerCC32XX_asm.oem4 (.text:PowerCC32XX_resumeLPDS)
                  010144aa    00000052     rtsv7M4_T_le_eabi.lib : _printfi.c.obj (.text:_ecpy)
                  010144fc    00000052     drivers_cc32xx.aem4 : TimerCC32XX.oem4 (.text:initHw)
                  0101454e    00000002     --HOLE-- [fill = 0]
                  01014550    00000050     simplelink.a : cc_pal.obj (.text:NwpRegisterInterruptHandler)
                  010145a0    00000050     slnetsock_release.a : slnetif.oem4 (.text:SlNetIf_queryIf)
                  010145f0    00000050     drivers_cc32xx.aem4 : TimerCC32XX.oem4 (.text:TimerCC32XX_allocateTimerResource)
                  01014640    00000050                         : UARTCC32XXDMA.oem4 (.text:UARTCC32XXDMA_writePolling)
                  01014690    00000050     simplelink.a : sl_socket.obj (.text:_SlDrvCloseCtrlSocket)
                  010146e0    00000050                  : driver.obj (.text:_SlDrvCmdSend_noWait)
                  01014730    00000050                  : driver.obj (.text:_SlDrvUpdateApiInProgress)
                  01014780    00000050                  : spawn.obj (.text:_SlInternalSpawnTaskEntry)
                  010147d0    00000050                  : eventreg.obj (.text:_SlNetAppHttpServerHdlr)
                  01014820    00000050                  : eventreg.obj (.text:_SlNetAppRequestHdlr)
                  01014870    00000050     mqtt_release.a : client_core.oem4 (.text:_procAckMsgRx)
                  010148c0    00000050     freertos_builds_CC3220SF_LAUNCHXL_release_ccs.lib : mqueue.obj (.text:mq_close)
                  01014910    00000050                                                       : port.obj (.text:pxPortInitialiseStack)
                  01014960    00000050                                                       : semaphore.obj (.text:sem_init)
                  010149b0    00000050                                                       : queue.obj (.text:xQueueGiveMutexRecursive)
                  01014a00    0000004e     mqtt_release.a : client_core.oem4 (.text:MQTTClientCore_registerWillInfo)
                  01014a4e    0000004e     drivers_cc32xx.aem4 : UARTCC32XXDMA.oem4 (.text:writeCancel)
                  01014a9c    0000004c                         : GPIOCC32XX.oem4 (.text:GPIO_enableInt)
                  01014ae8    0000004c     simplelink.a : cc_pal.obj (.text:NwpWaitForShutDownInd)
                  01014b34    0000004c     drivers_cc32xx.aem4 : PowerCC32XX.oem4 (.text:PowerCC32XX_parkPin)
                  01014b80    0000004c     slnetifwifi.a : slnetifwifi.obj (.text:SlNetIfWifi_getConnectionStatus)
                  01014bcc    0000004c     slnetsock_release.a : slnetsock.oem4 (.text:SlNetSock_freeVirtualSocket)
                  01014c18    0000004c                         : slnetsock.oem4 (.text:SlNetSock_startSec)
                  01014c64    0000004c     mqtt_release.a : client_core.oem4 (.text:ack1WlMqpDispatch)
                  01014cb0    0000004c     rtsv7M4_T_le_eabi.lib : atoi.c.obj (.text:atoi)
                  01014cfc    0000004c     freertos_builds_CC3220SF_LAUNCHXL_release_ccs.lib : startup_cc32xx_ccs.obj (.text:initVectors)
                  01014d48    0000004c     mqtt_release.a : client_core.oem4 (.text:loopbTrigger)
                  01014d94    0000004c     freertos_builds_CC3220SF_LAUNCHXL_release_ccs.lib : timers.obj (.text:prvCheckForValidListAndQueue)
                  01014de0    0000004c                                                       : tasks.obj (.text:prvCheckTasksWaitingTermination)
                  01014e2c    0000004c     drivers_cc32xx.aem4 : PowerCC32XX.oem4 (.text:restorePeriphClocks)
                  01014e78    0000004c     mqtt_release.a : client_core.oem4 (.text:singleCtxRxPrep)
                  01014ec4    0000004c     simplelink.a : wlan.obj (.text:sl_WlanSetMode)
                  01014f10    0000004c     rtsv7M4_T_le_eabi.lib : snprintf.c.obj (.text:snprintf)
                  01014f5c    0000004c     freertos_builds_CC3220SF_LAUNCHXL_release_ccs.lib : port.obj (.text:vPortEnterCritical)
                  01014fa8    0000004c                                                       : tasks.obj (.text:vTaskSetThreadLocalStoragePointer)
                  01014ff4    0000004a     mqtt_release.a : client_core.oem4 (.text:clCtxRecv)
                  0101503e    0000004a     drivers_cc32xx.aem4 : UARTCC32XXDMA.oem4 (.text:readCancel)
                  01015088    00000048     driverlib.a : flash.obj (.text:FlashDisable)
                  010150d0    00000048     freertos_builds_CC3220SF_LAUNCHXL_release_ccs.lib : HwiPCC32XX_freertos.obj (.text:HwiP_dispatch)
                  01015118    00000048     mqtt_release.a : mqttclient.oem4 (.text:MQTTClient_set)
                  01015160    00000048     driverlib.a : prcm.obj (.text:PRCMLPDSEnter)
                  010151a8    00000048                 : prcm.obj (.text:PRCMPeripheralClkEnable)
                  010151f0    00000048     drivers_cc32xx.aem4 : PowerCC32XX.oem4 (.text:Power_releaseConstraint)
                  01015238    00000048     slnetsock_release.a : slnetsock.oem4 (.text:SlNetSock_connect)
                  01015280    00000048                         : slnetsock.oem4 (.text:SlNetSock_init)
                  010152c8    00000048                         : slnetsock.oem4 (.text:SlNetSock_setOpt)
                  01015310    00000048     simplelink.a : eventreg.obj (.text:_SlDeviceFatalErrorEvtHdlr)
                  01015358    00000048                  : eventreg.obj (.text:_SlDeviceGeneralEvtHdlr)
                  010153a0    00000048                  : driver.obj (.text:_SlDrvBasicCmd)
                  010153e8    00000048                  : driver.obj (.text:_SlDrvSyncObjWaitTimeout)
                  01015430    00000048                  : eventreg.obj (.text:_SlNetAppEvtHdlr)
                  01015478    00000048                  : eventreg.obj (.text:_SlNetAppRequestMemFree)
                  010154c0    00000048                  : eventreg.obj (.text:_SlSockEvtHdlr)
                  01015508    00000048                  : eventreg.obj (.text:_SlWlanEvtHdlr)
                  01015550    00000048     mqtt_release.a : client_core.oem4 (.text:bufUTF8WrTry)
                  01015598    00000048                    : client_core.oem4 (.text:clCtxSetup)
                  010155e0    00000048     json_parser.obj (.text:jsoneq)
                  01015628    00000048     rtsv7M4_T_le_eabi.lib : fd_toi_t2.asm.obj (.text)
                  01015670    00000048     freertos_builds_CC3220SF_LAUNCHXL_release_ccs.lib : sleep.obj (.text:sleep)
                  010156b8    00000048                                                       : list.obj (.text:uxListRemove)
                  01015700    00000048     mqtt_release.a : client_core.oem4 (.text:wrConnectVh)
                  01015748    00000046     drivers_cc32xx.aem4 : TimerCC32XX.oem4 (.text:getPrescaler)
                  0101578e    00000002     --HOLE-- [fill = 0]
                  01015790    00000044                         : ADC.oem4 (.text:ADC_init)
                  010157d4    00000044     mqtt_release.a : client_core.oem4 (.text:MQTTClientCore_run)
                  01015818    00000044                    : mqtt_net_func.oem4 (.text:MQTTNet_tcpRecv)
                  0101585c    00000044                    : mqttclient.oem4 (.text:MqttClientCtxDelete)
                  010158a0    00000044     driverlib.a : prcm.obj (.text:PRCMLPDSRestoreInfoSet)
                  010158e4    00000044     drivers_cc32xx.aem4 : PowerCC32XX_asm.oem4 (.text:PowerCC32XX_enterLPDS)
                  01015928    00000044                         : SPI.oem4 (.text:SPI_init)
                  0101596c    00000044     slnetsock_release.a : slnetutils.oem4 (.text:SlNetUtil_strTok)
                  010159b0    00000044     drivers_cc32xx.aem4 : Timer.oem4 (.text:Timer_init)
                  010159f4    00000044                         : UART.oem4 (.text:UART_init)
                  01015a38    00000044     rtsv7M4_T_le_eabi.lib : autoinit.c.obj (.text:__TI_auto_init_nobinit_nopinit:__TI_auto_init_nobinit_nopinit)
                  01015a7c    00000044     freertos_builds_CC3220SF_LAUNCHXL_release_ccs.lib : queue.obj (.text:prvInitialiseNewQueue)
                  01015ac0    00000044     rtsv7M4_T_le_eabi.lib : fd_tou_t2.asm.obj (.text)
                  01015b04    00000044     task_queues.obj (.text:task1_v1_push)
                  01015b48    00000044     ti_net_config.obj (.text:ti_net_SlNet_initConfig)
                  01015b8c    00000044     freertos_builds_CC3220SF_LAUNCHXL_release_ccs.lib : tasks.obj (.text:vTaskStepTick)
                  01015bd0    00000044     mqtt_release.a : client_core.oem4 (.text:vhMsgSend)
                  01015c14    00000042                    : mqtt_common.oem4 (.text:MQTT_packetBufRdRemlen)
                  01015c56    00000042     freertos_builds_CC3220SF_LAUNCHXL_release_ccs.lib : memory.obj (.text:malloc)
                  01015c98    00000040     drivers_cc32xx.aem4 : ADC.oem4 (.text:ADC_open)
                  01015cd8    00000040     simplelink.a : sl_socket.obj (.text:CountSetBits)
                  01015d18    00000040     network_if.obj (.text:InitializeAppVariables)
                  01015d58    00000040     mqtt_release.a : client_core.oem4 (.text:MQTTClientCore_registerCtxInfo)
                  01015d98    00000040     driverlib.a : pin.obj (.text:PinModeSet)
                  01015dd8    00000040     drivers_cc32xx.aem4 : SPI.oem4 (.text:SPI_open)
                  01015e18    00000040     network_if.obj (.text:SimpleLinkGeneralEventHandler)
                  01015e58    00000040     slnetsock_release.a : slnetsock.oem4 (.text:SlNetSock_bind)
                  01015e98    00000040     drivers_cc32xx.aem4 : Timer.oem4 (.text:Timer_open)
                  01015ed8    00000040                         : UART.oem4 (.text:UART_open)
                  01015f18    00000040                         : UDMACC32XX.oem4 (.text:UDMACC32XX_init)
                  01015f58    00000040     simplelink.a : driver.obj (.text:_SlDrvGlobalObjUnLock)
                  01015f98    00000040                  : driver.obj (.text:_SlFindAndReleasePendingCmd)
                  01015fd8    00000040                  : spawn.obj (.text:_SlInternalSpawnWaitForEvent)
                  01016018    00000040                  : eventreg.obj (.text:_SlIsEventRegistered)
                  01016058    00000040     freertos_builds_CC3220SF_LAUNCHXL_release_ccs.lib : aeabi_portable.obj (.text:__aeabi_errno_addr)
                  01016098    00000040     mqtt_release.a : mqttclient.oem4 (.text:_sl_ExtLib_ServerAckLockedWait)
                  010160d8    00000040     A2D.obj (.text:jsmn_alloc_token)
                  01016118    00000040     mqtt_release.a : client_core.oem4 (.text:netConnect)
                  01016158    00000040     rtsv7M4_T_le_eabi.lib : sprintf.c.obj (.text:sprintf)
                  01016198    00000040     freertos_builds_CC3220SF_LAUNCHXL_release_ccs.lib : tasks.obj (.text:vTaskPlaceOnEventListRestricted)
                  010161d8    00000040     rtsv7M4_T_le_eabi.lib : vsnprintf.c.obj (.text:vsnprintf)
                  01016218    0000003e     freertos_builds_CC3220SF_LAUNCHXL_release_ccs.lib : ClockP_freertos.obj (.text:ClockP_callbackFxn)
                  01016256    0000003e     mqtt_release.a : mqtt_common.oem4 (.text:MQTT_packetAckWlistRemove)
                  01016294    0000003e                    : mqtt_common.oem4 (.text:MQTT_packetBufTailWrRemlen)
                  010162d2    0000003e     slnetsock_release.a : slnetsock.oem4 (.text:SlNetSock_close)
                  01016310    0000003e     simplelink.a : sl_socket.obj (.text:_SlSocketBuildAddress)
                  0101634e    0000003e     rtsv7M4_T_le_eabi.lib : _printfi.c.obj (.text:_fcpy)
                  0101638c    0000003e     mqtt_release.a : client_core.oem4 (.text:clCtxSeg1Send)
                  010163ca    0000003e                    : client_core.oem4 (.text:procPingrspRx)
                  01016408    0000003e     freertos_builds_CC3220SF_LAUNCHXL_release_ccs.lib : pthread.obj (.text:pthread_setcancelstate)
                  01016446    0000003e                                                       : semaphore.obj (.text:sem_post)
                  01016484    0000003c     mqtt_release.a : client_core.oem4 (.text:MQTTClientCore_registerBuffers)
                  010164c0    0000003c                    : mqttclient.oem4 (.text:MQTTClient_disconnect)
                  010164fc    0000003c                    : mqtt_common.oem4 (.text:MQTT_qos2PubCqCheck)
                  01016538    0000003c     network_if.obj (.text:Network_IF_DisconnectFromAP)
                  01016574    0000003c     driverlib.a : prcm.obj (.text:PRCMSlowClkCtrFastGet)
                  010165b0    0000003c     drivers_cc32xx.aem4 : PowerCC32XX.oem4 (.text:Power_setConstraint)
                  010165ec    0000003c     simplelink.a : netapp.obj (.text:_SlNetAppCopyPingResultsToReport)
                  01016628    0000003c     task_queues.obj (.text:create_task_queues)
                  01016664    0000003c     mqtt_release.a : mqttclient.oem4 (.text:processDisconnCB)
                  010166a0    0000003c     freertos_builds_CC3220SF_LAUNCHXL_release_ccs.lib : queue.obj (.text:prvCopyDataFromQueue)
                  010166dc    0000003c                                                       : tasks.obj (.text:prvResetNextTaskUnblockTime)
                  01016718    0000003c                                                       : tasks.obj (.text:pvTaskGetThreadLocalStoragePointer)
                  01016754    0000003c     mqtt_release.a : client_core.oem4 (.text:singleCtxRxPrepLocked)
                  01016790    0000003c                    : client_core.oem4 (.text:tailIncorpMsgID)
                  010167cc    0000003c     simplelink.a : sl_socket.obj (.text:to_mSec)
                  01016808    0000003c     freertos_builds_CC3220SF_LAUNCHXL_release_ccs.lib : sleep.obj (.text:usleep)
                  01016844    0000003c                                                       : list.obj (.text:vListInsertEnd)
                  01016880    0000003c                                                       : timers.obj (.text:xTimerCreate)
                  010168bc    0000003c                                                       : timers.obj (.text:xTimerPendFunctionCallFromISR)
                  010168f8    0000003a     slnetifwifi.a : slnetifwifi.obj (.text:SlNetIfWifi_getIPAddr)
                  01016932    0000003a     drivers_cc32xx.aem4 : TimerCC32XX.oem4 (.text:TimerCC32XX_close)
                  0101696c    0000003a     mqtt_release.a : mqtt_common.oem4 (.text:mqpProcVhMsgIdRx)
                  010169a6    0000003a     mqtt_callback_queue.obj (.text:receiveData)
                  010169e0    00000038     mqtt_release.a : client_core.oem4 (.text:MQTTClientCore_registerNetSvc)
                  01016a18    00000038                    : mqtt_common.oem4 (.text:MQTT_qos2PubCqLogup)
                  01016a50    00000038     driverlib.a : prcm.obj (.text:PRCMLPDSEnterKeepDebugIf)
                  01016a88    00000038     slnetifwifi.a : slnetifwifi.obj (.text:SlNetIfWifi_recvFrom)
                  01016ac0    00000038                   : slnetifwifi.obj (.text:SlNetIfWifi_sendTo)
                  01016af8    00000038                   : slnetifwifi.obj (.text:SlNetIfWifi_socket)
                  01016b30    00000038     slnetsock_release.a : slnetif.oem4 (.text:SlNetIf_configCheck)
                  01016b68    00000038                         : slnetsock.oem4 (.text:SlNetSock_listen)
                  01016ba0    00000038                         : slnetutils.oem4 (.text:SlNetUtil_htonl)
                  01016bd8    00000038     drivers_cc32xx.aem4 : TimerCC32XX.oem4 (.text:TimerCC32XX_hwiIntFunction)
                  01016c10    00000038     mqtt_release.a : client_core.oem4 (.text:mqpAllocAtomic)
                  01016c48    00000038                    : client_core.oem4 (.text:netRecv)
                  01016c80    00000038     drivers_cc32xx.aem4 : PowerCC32XX.oem4 (.text:notify)
                  01016cb8    00000038     freertos_builds_CC3220SF_LAUNCHXL_release_ccs.lib : timers.obj (.text:prvGetNextExpireTime)
                  01016cf0    00000038                                                       : port.obj (.text:prvTaskExitError)
                  01016d28    00000038     drivers_cc32xx.aem4 : UARTCC32XXDMA.oem4 (.text:startTxFifoEmptyClk)
                  01016d60    00000037     network_if.obj (.text:Network_IF_DeInitDriver)
                  01016d97    00000001     --HOLE-- [fill = 0]
                  01016d98    00000036     mqtt_release.a : mqtt_common.oem4 (.text:MQTT_packetPrepFh)
                  01016dce    00000036     slnetifwifi.a : slnetifwifi.obj (.text:SlNetIfWifi_getHostByName)
                  01016e04    00000036                   : slnetifwifi.obj (.text:SlNetIfWifi_select)
                  01016e3a    00000036     driverlib.a : timer.obj (.text:TimerControlStall)
                  01016e70    00000036     mqtt_release.a : client_core.oem4 (.text:_procPubRecRx)
                  01016ea6    00000036     rtsv7M4_T_le_eabi.lib : strncpy.c.obj (.text:strncpy)
                  01016edc    00000034     driverlib.a : pin.obj (.text:PinModeGet)
                  01016f10    00000034     drivers_cc32xx.aem4 : PowerCC32XX.oem4 (.text:PowerCC32XX_restoreParkState)
                  01016f44    00000034     freertos_builds_CC3220SF_LAUNCHXL_release_ccs.lib : SemaphoreP_freertos.obj (.text:SemaphoreP_pend)
                  01016f78    00000034     slnetsock_release.a : slnetutils.oem4 (.text:SlNetUtil_htons)
                  01016fac    00000034     drivers_cc32xx.aem4 : TimerCC32XX.oem4 (.text:TimerCC32XX_freeTimerResource)
                  01016fe0    00000034                         : UDMACC32XX.oem4 (.text:UDMACC32XX_close)
                  01017014    00000034     freertos_builds_CC3220SF_LAUNCHXL_release_ccs.lib : mqueue.obj (.text:findInList)
                  01017048    00000034     drivers_cc32xx.aem4 : TimerCC32XX.oem4 (.text:getPowerMgrId)
                  0101707c    00000034     mqtt_release.a : client_core.oem4 (.text:groupCtxsKaSequence)
                  010170b0    00000034                    : client_core.oem4 (.text:mqpFreeLocked)
                  010170e4    00000034                    : client_core.oem4 (.text:procLoopbackRecv)
                  01017118    00000034     freertos_builds_CC3220SF_LAUNCHXL_release_ccs.lib : timers.obj (.text:prvSampleTimeNow)
                  0101714c    00000034     task_queues.obj (.text:task2_push)
                  01017180    00000034     freertos_builds_CC3220SF_LAUNCHXL_release_ccs.lib : tasks.obj (.text:vTaskPlaceOnEventList)
                  010171b4    00000034     drivers_cc32xx.aem4 : UARTCC32XXDMA.oem4 (.text:writeFinishedDoCallback)
                  010171e8    00000032     mqtt_release.a : mqtt_common.oem4 (.text:MQTT_clCtxTimeoutInsert)
                  0101721a    00000032                    : client_core.oem4 (.text:connectedStateRx)
                  0101724c    00000030     drivers_cc32xx.aem4 : PowerCC32XX.oem4 (.text:PowerCC32XX_restoreParkedPin)
                  0101727c    00000030     simplelink.a : fs.obj (.text:_SlFsStrlen)
                  010172ac    00000030     rtsv7M4_T_le_eabi.lib : snprintf.c.obj (.text:_outs)
                  010172dc    00000030                           : vsnprintf.c.obj (.text:_outs)
                  0101730c    00000030     mqtt_release.a : client_core.oem4 (.text:ack2MsgIdUnlog)
                  0101733c    00000030                    : client_core.oem4 (.text:clientDescInit)
                  0101736c    00000030                    : mqttclient.oem4 (.text:getAvailableClictxMem)
                  0101739c    00000030     freertos_builds_CC3220SF_LAUNCHXL_release_ccs.lib : list.obj (.text:vListInitialise)
                  010173cc    00000030                                                       : port.obj (.text:vPortExitCritical)
                  010173fc    00000030                                                       : tasks.obj (.text:xTaskGetSchedulerState)
                  0101742c    0000002e     simplelink.a : cc_pal.obj (.text:Mutex_create_handle)
                  0101745a    0000002e     freertos_builds_CC3220SF_LAUNCHXL_release_ccs.lib : timers.obj (.text:pvTimerGetTimerID)
                  01017488    0000002e     rtsv7M4_T_le_eabi.lib : i_tofd_t2.asm.obj (.text)
                  010174b6    00000002     --HOLE-- [fill = 0]
                  010174b8    0000002c     freertos_builds_CC3220SF_LAUNCHXL_release_ccs.lib : HwiPCC32XX_freertos.obj (.text:HwiP_disable)
                  010174e4    0000002c     simplelink.a : cc_pal.obj (.text:NwpPowerOn)
                  01017510    0000002c     driverlib.a : prcm.obj (.text:PRCMLPDSIntervalSet)
                  0101753c    0000002c     drivers_cc32xx.aem4 : PowerCC32XX.oem4 (.text:PowerCC32XX_getParkState)
                  01017568    0000002c     freertos_builds_CC3220SF_LAUNCHXL_release_ccs.lib : SemaphoreP_freertos.obj (.text:SemaphoreP_createBinary)
                  01017594    0000002c     slnetifwifi.a : slnetifwifi.obj (.text:SlNetIfWifi_recv)
                  010175c0    0000002c                   : slnetifwifi.obj (.text:SlNetIfWifi_send)
                  010175ec    0000002c     simplelink.a : driver.obj (.text:_SlDrvSyncObjWaitForever)
                  01017618    0000002c     mqtt_callback_queue.obj (.text:create_queues)
                  01017644    0000002c     mqtt_release.a : client_core.oem4 (.text:doNetCloseRx)
                  01017670    0000002c     A2D.obj (.text:jsmn_fill_token)
                  0101769c    0000002c     freertos_builds_CC3220SF_LAUNCHXL_release_ccs.lib : pthread_mutex.obj (.text:pthread_mutexattr_settype)
                  010176c8    0000002c     mqtt_release.a : client_core.oem4 (.text:singleCtxAdjWaitSecsGet)
                  010176f4    0000002c     rtsv7M4_T_le_eabi.lib : strncmp.c.obj (.text:strncmp)
                  01017720    0000002c     task_queues.obj (.text:task2_pop)
                  0101774c    0000002c     freertos_builds_CC3220SF_LAUNCHXL_release_ccs.lib : tasks.obj (.text:vTaskSetApplicationTaskTag)
                  01017778    0000002c                                                       : port.obj (.text:xPortSysTickHandler)
                  010177a4    0000002c                                                       : queue.obj (.text:xQueueCreateMutex)
                  010177d0    0000002a     slnetsock_release.a : slnetutils.oem4 (.text:SlNetUtil_inetPton)
                  010177fa    0000002a     driverlib.a : timer.obj (.text:TimerLoadSet)
                  01017824    0000002a                 : timer.obj (.text:TimerPrescaleSet)
                  0101784e    0000002a     drivers_cc32xx.aem4 : UARTCC32XXDMA.oem4 (.text:UARTCC32XXDMA_readCancel)
                  01017878    0000002a                         : UARTCC32XXDMA.oem4 (.text:UARTCC32XXDMA_writeCancel)
                  010178a2    0000002a     mqtt_release.a : client_core.oem4 (.text:ack2MsgIdDispatch)
                  010178cc    0000002a                    : client_core.oem4 (.text:pingReqSend)
                  010178f6    0000002a     freertos_builds_CC3220SF_LAUNCHXL_release_ccs.lib : queue.obj (.text:prvInitialiseMutex)
                  01017920    0000002a     mqtt_release.a : client_core.oem4 (.text:txPartSetup)
                  0101794a    0000002a     freertos_builds_CC3220SF_LAUNCHXL_release_ccs.lib : queue.obj (.text:uxQueueMessagesWaiting)
                  01017974    00000028                                                       : HwiPCC32XX_freertos.obj (.text:HwiP_inISR)
                  0101799c    00000028     mqtt_release.a : mqtt_common.oem4 (.text:MQTT_packetBufWrUtf8)
                  010179c4    00000028     driverlib.a : prcm.obj (.text:PRCMLPDSWakeupSourceEnable)
                  010179ec    00000028                 : prcm.obj (.text:PRCMPeripheralClkDisable)
                  01017a14    00000028     drivers_cc32xx.aem4 : PowerCC32XX.oem4 (.text:Power_registerNotify)
                  01017a3c    00000028     slnetsock_release.a : slnetif.oem4 (.text:SlNetIf_getIfByID)
                  01017a64    00000028                         : slnetsock.oem4 (.text:SlNetSock_sdsIsSet)
                  01017a8c    00000028                         : slnetsock.oem4 (.text:SlNetSock_sdsSet)
                  01017ab4    00000028                         : slnetsock.oem4 (.text:SlNetSock_secAttribDelete)
                  01017adc    00000028     simplelink.a : driver.obj (.text:_SlDrvProtectionObjLockWaitForever)
                  01017b04    00000028                  : driver.obj (.text:_SlDrvProtectionObjUnLock)
                  01017b2c    00000028                  : flowcont.obj (.text:_SlFlowContSet)
                  01017b54    00000028     mqtt_release.a : client_core.oem4 (.text:_procPubRelRx)
                  01017b7c    00000028                    : mqttclient.oem4 (.text:_sl_ExtLib_AwaitedAckLockedSet)
                  01017ba4    00000028     rtsv7M4_T_le_eabi.lib : memmov.c.obj (.text:memmove)
                  01017bcc    00000028     freertos_builds_CC3220SF_LAUNCHXL_release_ccs.lib : pthread.obj (.text:pthread_attr_setschedparam)
                  01017bf4    00000028                                                       : semaphore.obj (.text:sem_trywait)
                  01017c1c    00000028     task_queues.obj (.text:task1_v1_pop)
                  01017c44    00000028     freertos_builds_CC3220SF_LAUNCHXL_release_ccs.lib : tasks.obj (.text:xTaskGetApplicationTaskTag)
                  01017c6c    00000026     drivers_cc32xx.aem4 : List.oem4 (.text:List_put)
                  01017c92    00000026                         : List.oem4 (.text:List_remove)
                  01017cb8    00000026     mqtt_release.a : mqtt_common.oem4 (.text:MQTT_clCtxRemove)
                  01017cde    00000026     freertos_builds_CC3220SF_LAUNCHXL_release_ccs.lib : pthread.obj (.text:_pthread_cleanup_pop)
                  01017d04    00000026                                                       : queue.obj (.text:prvIsQueueFull)
                  01017d2a    00000002     --HOLE-- [fill = 0]
                  01017d2c    00000024     driverlib.a : interrupt.obj (.text:IntUnregister)
                  01017d50    00000024     drivers_cc32xx.aem4 : PowerCC32XX.oem4 (.text:PowerCC32XX_reset)
                  01017d74    00000024     slnetsock_release.a : slnetif.oem4 (.text:SlNetIf_getConnectionStatus)
                  01017d98    00000024     simplelink.a : driver.obj (.text:_SlDrvIsApiInProgress)
                  01017dbc    00000024                  : driver.obj (.text:_SlDrvStartMeasureTimeout)
                  01017de0    00000024     rtsv7M4_T_le_eabi.lib : boot_cortex_m.c.obj (.text:_c_int00_noargs:_c_int00_noargs)
                  01017e04    00000024     mqtt_release.a : client_core.oem4 (.text:conn2usedCtxs)
                  01017e28    00000024     event_group.obj (.text:event_connected)
                  01017e4c    00000024     event_group.obj (.text:event_v2)
                  01017e70    00000024     rtsv7M4_T_le_eabi.lib : memcmp.c.obj (.text:memcmp)
                  01017e94    00000024     freertos_builds_CC3220SF_LAUNCHXL_release_ccs.lib : queue.obj (.text:prvGetDisinheritPriorityAfterTimeout)
                  01017eb8    00000024     mqtt_release.a : client_core.oem4 (.text:recvHvecLoad)
                  01017edc    00000024     freertos_builds_CC3220SF_LAUNCHXL_release_ccs.lib : semaphore.obj (.text:sem_getvalue)
                  01017f00    00000024     simplelink.a : wlan.obj (.text:sl_WlanDisconnect)
                  01017f24    00000024     freertos_builds_CC3220SF_LAUNCHXL_release_ccs.lib : queue.obj (.text:vQueueDelete)
                  01017f48    00000024                                                       : tasks.obj (.text:vTaskInternalSetTimeOutState)
                  01017f6c    00000024                                                       : event_groups.obj (.text:xEventGroupSetBitsFromISR)
                  01017f90    00000022     mqtt_release.a : mqtt_common.oem4 (.text:MQTT_packetProcMsgIdAckRx)
                  01017fb2    00000022     freertos_builds_CC3220SF_LAUNCHXL_release_ccs.lib : SemaphoreP_freertos.obj (.text:SemaphoreP_post)
                  01017fd4    00000022                                                       : pthread.obj (.text:pthread_attr_setdetachstate)
                  01017ff6    00000002     --HOLE-- [fill = 0]
                  01017ff8    00000020     drivers_cc32xx.aem4 : ADCCC32XX.oem4 (.text:ADCCC32XX_convertToMicroVolts)
                  01018018    00000020     freertos_builds_CC3220SF_LAUNCHXL_release_ccs.lib : ClockP_freertos.obj (.text:ClockP_getCpuFreq)
                  01018038    00000020                                                       : HwiPCC32XX_freertos.obj (.text:HwiP_restore)
                  01018058    00000020     driverlib.a : interrupt.obj (.text:IntRegister)
                  01018078    00000020     mqtt_release.a : mqtt_common.oem4 (.text:MQTT_qos2PubCqReset)
                  01018098    00000020     drivers_cc32xx.aem4 : PowerCC32XX.oem4 (.text:Power_unregisterNotify)
                  010180b8    00000020     slnetifwifi.a : slnetifwifi.obj (.text:SlNetIfWifi_accept)
                  010180d8    00000020     drivers_cc32xx.aem4 : SPICC32XXDMA.oem4 (.text:getPowerMgrId)
                  010180f8    00000020                         : UARTCC32XXDMA.oem4 (.text:getPowerMgrId)
                  01018118    00000020     freertos_builds_CC3220SF_LAUNCHXL_release_ccs.lib : queue.obj (.text:prvIsQueueEmpty)
                  01018138    00000020     rtsv7M4_T_le_eabi.lib : u_tofd_t2.asm.obj (.text)
                  01018158    00000020     freertos_builds_CC3220SF_LAUNCHXL_release_ccs.lib : semaphore.obj (.text:semaphorePend)
                  01018178    00000020     mqtt_release.a : client_core.oem4 (.text:session311fix)
                  01018198    00000020     freertos_builds_CC3220SF_LAUNCHXL_release_ccs.lib : event_groups.obj (.text:xEventGroupCreate)
                  010181b8    0000001e                                                       : ClockP_freertos.obj (.text:ClockP_start)
                  010181d6    0000001e                                                       : HwiPCC32XX_freertos.obj (.text:HwiP_Params_init)
                  010181f4    0000001e     mqtt_release.a : client_core.oem4 (.text:MQTTClientCore_alloc)
                  01018212    0000001e                    : client_core.oem4 (.text:MQTTClientCore_ctxRun)
                  01018230    0000001e     slnetifwifi.a : slnetifwifi.obj (.text:SlNetIfWifi_bind)
                  0101824e    0000001e                   : slnetifwifi.obj (.text:SlNetIfWifi_connect)
                  0101826c    0000001e     driverlib.a : timer.obj (.text:TimerDisable)
                  0101828a    0000001e                 : timer.obj (.text:TimerEnable)
                  010182a8    0000001e     simplelink.a : driver.obj (.text:_SlDrvObjLockWaitForever)
                  010182c6    0000001e                  : driver.obj (.text:_SlDrvObjUnLock)
                  010182e4    0000001e                  : driver.obj (.text:_SlDrvSyncObjSignal)
                  01018302    0000001e     freertos_builds_CC3220SF_LAUNCHXL_release_ccs.lib : pthread.obj (.text:_pthread_runStub)
                  01018320    0000001e     A2D.obj (.text:jsmn_init)
                  0101833e    0000001e     drivers_cc32xx.aem4 : UDMACC32XX.oem4 (.text:postNotifyFxn)
                  0101835c    0000001e     mqtt_release.a : client_core.oem4 (.text:procNetDataRecv)
                  0101837a    0000001e     mqtt_callback_queue.obj (.text:sendMsgToQueue)
                  01018398    0000001e     mqtt_release.a : client_core.oem4 (.text:sessionDelete)
                  010183b6    0000001c     freertos_builds_CC3220SF_LAUNCHXL_release_ccs.lib : ClockP_freertos.obj (.text:ClockP_Params_init)
                  010183d2    00000002     --HOLE-- [fill = 0]
                  010183d4    0000001c     uart_term.obj (.text:Message)
                  010183f0    0000001c     driverlib.a : pin.obj (.text:PinToPadGet)
                  0101840c    0000001c     simplelink.a : device.obj (.text:_SlDeviceGetStartResponseConvert)
                  01018428    0000001c                  : spawn.obj (.text:_SlInternalIsItSpawnThread)
                  01018444    0000001c     mqtt_release.a : client_core.oem4 (.text:awaitsPkts)
                  01018460    0000001c     event_group.obj (.text:create_event_group)
                  0101847c    0000001c     mqtt_release.a : client_core.oem4 (.text:doNetCloseTx)
                  01018498    0000001c     rtsv7M4_T_le_eabi.lib : memccpy.c.obj (.text:memccpy)
                  010184b4    0000001c     mqtt_release.a : client_core.oem4 (.text:processRecv)
                  010184d0    0000001c     freertos_builds_CC3220SF_LAUNCHXL_release_ccs.lib : pthread.obj (.text:pthread_attr_init)
                  010184ec    0000001c                                                       : pthread_mutex.obj (.text:pthread_mutexattr_init)
                  01018508    0000001c                                                       : tasks.obj (.text:pvTaskIncrementMutexHeldCount)
                  01018524    0000001c     mqtt_release.a : client_core.oem4 (.text:usedCtxsTOSort)
                  01018540    0000001a                    : mqtt_common.oem4 (.text:MQTT_packetAckWlistPurge)
                  0101855a    0000001a     freertos_builds_CC3220SF_LAUNCHXL_release_ccs.lib : PTLS.obj (.text:PTLS_taskDeleteHook)
                  01018574    0000001a     slnetifwifi.a : slnetifwifi.obj (.text:SlNetIfWifi_listen)
                  0101858e    0000001a     freertos_builds_CC3220SF_LAUNCHXL_release_ccs.lib : timers.obj (.text:prvTimerTask)
                  010185a8    0000001a                                                       : pthread_mutex.obj (.text:pthread_mutex_destroy)
                  010185c2    00000018     mqtt_release.a : mqtt_common.oem4 (.text:MQTT_clCtxTimeoutUpdate)
                  010185da    00000002     --HOLE-- [fill = 0]
                  010185dc    00000018     drivers_cc32xx.aem4 : PowerCC32XX.oem4 (.text:Power_idleFunc)
                  010185f4    00000018                         : TimerCC32XX.oem4 (.text:TimerCC32XX_getCount)
                  0101860c    00000018     driverlib.a : timer.obj (.text:TimerIntDisable)
                  01018624    00000018                 : timer.obj (.text:TimerIntEnable)
                  0101863c    00000018                 : uart.obj (.text:UARTBusy)
                  01018654    00000018     drivers_cc32xx.aem4 : UART.oem4 (.text:UART_Params_init)
                  0101866c    00000018     rtsv7M4_T_le_eabi.lib : snprintf.c.obj (.text:_outc)
                  01018684    00000018                           : vsnprintf.c.obj (.text:_outc)
                  0101869c    00000018                           : sprintf.c.obj (.text:_outs)
                  010186b4    00000018     freertos_builds_CC3220SF_LAUNCHXL_release_ccs.lib : memory.obj (.text:free)
                  010186cc    00000018     mqtt_release.a : client_core.oem4 (.text:groupCtxsAdjWaitSecsGet)
                  010186e4    00000018                    : client_core.oem4 (.text:netClCtxFind)
                  010186fc    00000018     rtsv7M4_T_le_eabi.lib : ll_mul_t2.asm.obj (.text)
                  01018714    00000018     freertos_builds_CC3220SF_LAUNCHXL_release_ccs.lib : semaphore.obj (.text:sem_wait)
                  0101872c    00000018     event_group.obj (.text:set_connect_flag)
                  01018744    00000018     event_group.obj (.text:set_task1_v2_flag)
                  0101875c    00000018     rtsv7M4_T_le_eabi.lib : strcmp.c.obj (.text:strcmp)
                  01018774    00000018     freertos_builds_CC3220SF_LAUNCHXL_release_ccs.lib : tasks.obj (.text:xTaskGetTickCountFromISR)
                  0101878c    00000016                                                       : ClockP_freertos.obj (.text:ClockP_setTimeout)
                  010187a2    00000016     mqtt_release.a : mqtt_net_func.oem4 (.text:MQTTNet_commClose)
                  010187b8    00000016                    : mqtt_common.oem4 (.text:MQTT_clCtxReset)
                  010187ce    00000016                    : mqtt_common.oem4 (.text:MQTT_packetFree)
                  010187e4    00000016                    : mqtt_common.oem4 (.text:MQTT_packetInit)
                  010187fa    00000016     driverlib.a : prcm.obj (.text:PRCMHIBRegRead)
                  01018810    00000016                 : prcm.obj (.text:PRCMHIBRegWrite)
                  01018826    00000016     freertos_builds_CC3220SF_LAUNCHXL_release_ccs.lib : PTLS.obj (.text:PTLS_getBuf)
                  0101883c    00000016                                                       : PTLS.obj (.text:PTLS_setBuf)
                  01018852    00000016                                                       : SemaphoreP_freertos.obj (.text:SemaphoreP_Params_init)
                  01018868    00000016     simplelink.a : driver.obj (.text:_SlDrvMemZero)
                  0101887e    00000002     --HOLE-- [fill = 0]
                  01018880    00000016     freertos_builds_CC3220SF_LAUNCHXL_release_ccs.lib : startup_cc32xx_ccs.obj (.text:resetISR)
                  01018896    00000016     rtsv7M4_T_le_eabi.lib : strchr.c.obj (.text:strchr)
                  010188ac    00000014     driverlib.a : cpu.obj (.text:CPUcpsid)
                  010188c0    00000014                 : cpu.obj (.text:CPUcpsie)
                  010188d4    00000014                 : interrupt.obj (.text:IntVTableBaseSet)
                  010188e8    00000014     mqtt_release.a : mqttclient.oem4 (.text:MQTTClient_publish)
                  010188fc    00000014                    : mqtt_net_func.oem4 (.text:MQTTNet_rtcSecs)
                  01018910    00000014                    : mqtt_common.oem4 (.text:MQTT_packetAckWlistAppend)
                  01018924    00000014                    : mqtt_common.oem4 (.text:MQTT_packetReset)
                  01018938    00000014     drivers_cc32xx.aem4 : PowerCC32XX.oem4 (.text:Power_getDependencyCount)
                  0101894c    00000014                         : SPI.oem4 (.text:SPI_Params_init)
                  01018960    00000014     slnetsock_release.a : slnetsock.oem4 (.text:SlNetSock_sdsClrAll)
                  01018974    00000014     mqtt_release.a : client_core.oem4 (.text:ack1WlRmfree)
                  01018988    00000014     freertos_builds_CC3220SF_LAUNCHXL_release_ccs.lib : tasks.obj (.text:prvDeleteTCB)
                  0101899c    00000014                                                       : pthread.obj (.text:pthread_attr_setstacksize)
                  010189b0    00000014                                                       : pthread_mutex.obj (.text:pthread_mutex_lock)
                  010189c4    00000014                                                       : pthread.obj (.text:pthread_self)
                  010189d8    00000014     event_group.obj (.text:reset_task1_v2_flag)
                  010189ec    00000014     freertos_builds_CC3220SF_LAUNCHXL_release_ccs.lib : semaphore.obj (.text:sem_destroy)
                  01018a00    00000014     rtsv7M4_T_le_eabi.lib : strcpy.c.obj (.text:strcpy)
                  01018a14    00000014                           : strlen.c.obj (.text:strlen)
[...]
01016ba1  SlNetUtil_ntohl                           
01016d61  Network_IF_DeInitDriver                   
01016d99  MQTT_packetPrepFh                         
01016dcf  SlNetIfWifi_getHostByName                 
01016e05  SlNetIfWifi_select                        
01016e3b  TimerControlStall                         
01016ea7  strncpy                                   
01016edd  PinModeGet                                
01016f11  PowerCC32XX_restoreParkState              
01016f45  SemaphoreP_pend                           
01016f79  SlNetUtil_htons                           
01016f79  SlNetUtil_ntohs                           
01016fad  TimerCC32XX_freeTimerResource             
01016fe1  UDMACC32XX_close                          
0101714d  task2_push                                
01017181  vTaskPlaceOnEventList                     
010171e9  MQTT_clCtxTimeoutInsert                   
0101724d  PowerCC32XX_restoreParkedPin              
0101739d  vListInitialise                           
010173cd  vPortExitCritical                         
010173fd  xTaskGetSchedulerState                    
0101742d  Mutex_create_handle                       
0101745b  pvTimerGetTimerID                         
01017489  __aeabi_i2d                               
010174b9  HwiP_disable                              
010174e5  NwpPowerOn                                
01017511  PRCMLPDSIntervalSet                       
0101753d  PowerCC32XX_getParkState                  
01017569  SemaphoreP_createBinary                   
01017595  SlNetIfWifi_recv                          
010175c1  SlNetIfWifi_send                          
010175ed  _SlDrvSyncObjWaitForever                  
01017619  create_queues                             
0101769d  pthread_mutexattr_settype                 
010176f5  strncmp                                   
01017721  task2_pop                                 
0101774d  vTaskSetApplicationTaskTag                
01017779  xPortSysTickHandler                       
010177a5  xQueueCreateMutex                         
010177d1  SlNetUtil_inetPton                        
010177fb  TimerLoadSet                              
01017825  TimerPrescaleSet                          
0101784f  UARTCC32XXDMA_readCancel                  
01017879  UARTCC32XXDMA_writeCancel                 
0101794b  uxQueueMessagesWaiting                    
01017975  HwiP_inISR                                
0101799d  MQTT_packetBufWrUtf8                      
010179c5  PRCMLPDSWakeupSourceEnable                
010179ed  PRCMPeripheralClkDisable                  
01017a15  Power_registerNotify                      
01017a3d  SlNetIf_getIfByID                         
01017a65  SlNetSock_sdsIsSet                        
01017a8d  SlNetSock_sdsSet                          
01017ab5  SlNetSock_secAttribDelete                 
01017add  _SlDrvProtectionObjLockWaitForever        
01017b05  _SlDrvProtectionObjUnLock                 
01017b2d  _SlFlowContSet                            
01017b7d  _sl_ExtLib_AwaitedAckLockedSet            
01017ba5  memmove                                   
01017bcd  pthread_attr_setschedparam                
01017bf5  sem_trywait                               
01017c1d  task1_v1_pop                              
01017c45  xTaskGetApplicationTaskTag                
01017c6d  List_put                                  
01017c93  List_remove                               
01017cb9  MQTT_clCtxRemove                          
01017cdf  _pthread_cleanup_pop                      
01017d2d  IntUnregister                             
01017d51  PowerCC32XX_reset                         
01017d75  SlNetIf_getConnectionStatus               
01017d99  _SlDrvIsApiInProgress                     
01017dbd  _SlDrvStartMeasureTimeout                 
01017de1  _c_int00_noargs                           
01017e29  event_connected                           
01017e4d  event_v2                                  
01017e71  memcmp                                    
01017edd  sem_getvalue                              
01017f01  sl_WlanDisconnect                         
01017f25  vQueueDelete                              
01017f49  vTaskInternalSetTimeOutState              
01017f6d  xEventGroupSetBitsFromISR                 
01017f91  MQTT_packetProcMsgIdAckRx                 
01017fb3  SemaphoreP_post                           
01017fd5  pthread_attr_setdetachstate               
01017ff9  ADCCC32XX_convertToMicroVolts             
01018019  ClockP_getCpuFreq                         
01018039  HwiP_restore                              
01018059  IntRegister                               
01018079  MQTT_qos2PubCqReset                       
01018099  Power_unregisterNotify                    
010180b9  SlNetIfWifi_accept                        
01018139  __aeabi_ui2d                              
01018199  xEventGroupCreate                         
010181b9  ClockP_start                              
010181d7  HwiP_Params_init                          
010181f5  MQTTClientCore_alloc                      
01018213  MQTTClientCore_ctxRun                     
01018231  SlNetIfWifi_bind                          
0101824f  SlNetIfWifi_connect                       
0101826d  TimerDisable                              
0101828b  TimerEnable                               
010182a9  _SlDrvObjLockWaitForever                  
010182c7  _SlDrvObjUnLock                           
010182e5  _SlDrvSyncObjSignal                       
01018321  jsmn_init                                 
0101837b  sendMsgToQueue                            
010183b7  ClockP_Params_init                        
010183d5  Message                                   
010183f1  PinToPadGet                               
01018429  _SlInternalIsItSpawnThread                
01018461  create_event_group                        
01018499  memccpy                                   
010184d1  pthread_attr_init                         
010184ed  pthread_mutexattr_init                    
01018509  pvTaskIncrementMutexHeldCount             
01018541  MQTT_packetAckWlistPurge                  
0101855b  PTLS_taskDeleteHook                       
01018575  SlNetIfWifi_listen                        
010185a9  pthread_mutex_destroy                     
010185c3  MQTT_clCtxTimeoutUpdate                   
010185dd  Power_idleFunc                            
010185f5  TimerCC32XX_getCount                      
0101860d  TimerIntDisable                           
01018625  TimerIntEnable                            
0101863d  UARTBusy                                  
01018655  UART_Params_init                          
010186b5  free                                      
010186fd  __aeabi_lmul                              
01018715  sem_wait                                  
0101872d  set_connect_flag                          
01018745  set_task1_v2_flag                         
0101875d  strcmp                                    
01018775  xTaskGetTickCountFromISR                  
0101878d  ClockP_setTimeout                         
010187a3  MQTTNet_commClose                         
010187b9  MQTT_clCtxReset                           
010187cf  MQTT_packetFree                           
010187e5  MQTT_packetInit                           
010187fb  PRCMHIBRegRead                            
01018811  PRCMHIBRegWrite                           
01018827  PTLS_getBuf                               
0101883d  PTLS_setBuf                               
01018853  SemaphoreP_Params_init                    
01018869  _SlDrvMemZero                             
01018881  resetISR                                  
01018890  resetVectorAddr                           
01018897  strchr                                    
010188ad  CPUcpsid                                  
010188c1  CPUcpsie                                  
010188d5  IntVTableBaseSet                          
010188e9  MQTTClient_publish                        
010188fd  MQTTNet_rtcSecs                           
01018911  MQTT_packetAckWlistAppend                 
01018925  MQTT_packetReset                          
01018939  Power_getDependencyCount                  
0101894d  SPI_Params_init                           
01018961  SlNetSock_sdsClrAll                       
0101899d  pthread_attr_setstacksize                 
010189b1  pthread_mutex_lock                        
010189c5  pthread_self                              
010189d9  reset_task1_v2_flag                       
010189ed  sem_destroy                               
01018a01  strcpy                                    
01018a15  strlen                                    
01018a51  vPortSuppressTicksAndSleep                
01018a65  xTaskGetCurrentTaskHandle                 
01018a79  xTaskGetTickCount                         
01018a8d  HwiP_delete                               
01018a9f  SlNetIfWifi_close                         
01018ab1  TimerIntClear                             
01018ae7  wcslen                                    
01018af9  Board_init                                
01018b09  ClockP_getSystemTickPeriod                
01018b19  SlNetSock_secAttribCreate                 
01018b29  SysTickDisable                            
01018b39  SysTickEnable                             
01018b49  Timer_Params_init                         
01018b59  _SlDrvDispatchHttpServerEvents            
01018b69  _SlDrvDispatchNetAppRequestEvents         
01018b79  _SlDrvIsSpawnOwnGlobalLock                
01018bd9  vEventGroupSetBitsCallback                
01018be9  vListInitialiseItem                       
01018bf9  vTaskSuspendAll                           
01018c09  MQTTClient_subscribe                      
01018c17  Power_getTransitionLatency                
01018c25  _SlDrvResetCmdExt                         
01018c33  _sl_ExtLib_AwaitedAckSet                  
01018c4f  __TI_decompress_none                      
01018c6b  spi_Close                                 
01018c79  vApplicationStackOverflowHook             
01018c87  BrokerCB                                  
01018c93  CPUwfi                                    
01018c9f  HwiP_clearInterrupt                       
01018cab  HwiP_disableInterrupt                     
01018cb7  HwiP_enableInterrupt                      
01018cc3  MQTTClientCore_sendConnectMsg             
01018ccf  MQTT_secureConnStructInit                 
01018cdd  Network_IF_ResetMCUStateMachine           
01018ce9  NwpMaskInterrupt                          
01018cf5  NwpUnMaskInterrupt                        
01018d01  Power_getConstraintMask                   
01018d0d  SemaphoreP_delete                         
01018d19  SimpleLinkHttpServerEventHandler          
01018d25  SimpleLinkNetAppRequestEventHandler       
01018d31  _SlDeviceResetRequestInitCompletedCB      
01018d49  copysign                                  
01018d49  copysignl                                 
01018d55  __TI_zero_init                            
01018d79  timerLEDCallback                          
01018d85  uDMAErrorStatusClear                      
01018d91  uDMAErrorStatusGet                        
01018d9d  vTaskMissedYield                          
01018da9  ADC_Params_init                           
01018db3  ADC_convert                               
01018dbd  ADC_convertToMicroVolts                   
01018dc7  IntMasterDisable                          
01018dd1  IntMasterEnable                           
01018ddb  SPI_close                                 
01018de5  SPI_transfer                              
01018def  SimpleLinkNetAppRequestMemFreeEventHandler
01018df9  Timer_close                               
01018e03  Timer_start                               
01018e0d  Timer_stop                                
01018e17  UART_control                              
01018e21  UART_readPolling                          
01018e2b  UART_writePolling                         
01018e3f  sl_Task                                   
01018e49  ADCCC32XX_init                            
01018e51  ClockP_getSystemTicks                     
01018e59  MQTTClientCore_sendSubMsg                 
01018e61  MQTTNet_tcpSend                           
01018e69  PRCMSleepEnter                            
01018e71  TimerGetCurrentTimestamp                  
01018e99  ADCCC32XX_control                         
01018e9f  SPICC32XXDMA_control                      
01018ea5  TimerCC32XX_control                       
01018eab  UtilsDelay                                
01018ec9  SPICC32XXDMA_init                         
01018ecd  SlNetIf_init                              
01018ed1  SlNetUtil_init                            
01018ed5  _system_pre_init                          
01018ed9  C$$EXIT                                   
01018ed9  abort                                     
01018ee4  _ctypes_                                  
01019264  spiCC32XXDMAHWAttrs                       
010192dc  OpcodeTranslateTable                      
0101934c  _SlActionLookupTable                      
0101939c  PowerCC32XX_config                        
01019418  timerCC32XXHWAttrs                        
01019448  UARTCC32XXDMA_fxnTable                    
01019470  Timer_config                              
01019494  UART_defaultParams                        
01019520  SPI_defaultParams                         
01019560  TimerCC32XX_fxnTable                      
01019580  Display_count                             
01019581  CONFIG_ADC_0_CONST                        
01019582  ADC_count                                 
01019583  CONFIG_Crypto_0_CONST                     
01019584  CryptoCC32XX_count                        
01019585  CONFIG_GPIO_BUTTON_0_CONST                
01019586  CONFIG_GPIO_LED_0_CONST                   
01019587  CONFIG_GPIO_LED_1_CONST                   
01019588  CONFIG_GPIO_LED_2_CONST                   
01019589  CONFIG_GPIO_0_CONST                       
0101958a  CONFIG_GPIO_1_CONST                       
0101958b  CONFIG_GPIO_2_CONST                       
0101958c  CONFIG_GPIO_DEBUG_1_CONST                 
0101958d  CONFIG_GPIO_DEBUG_2_CONST                 
0101958e  CONFIG_GPIO_DEBUG_3_CONST                 
0101958f  CONFIG_GPIO_DEBUG_4_CONST                 
01019590  CONFIG_GPIO_DEBUG_5_CONST                 
01019591  CONFIG_GPIO_DEBUG_6_CONST                 
01019592  CONFIG_GPIO_DEBUG_7_CONST                 
01019593  CONFIG_GPIO_DEBUG_0_CONST                 
01019594  CONFIG_SPI_0_CONST                        
01019595  CONFIG_NWP_SPI_CONST                      
01019596  SPI_count                                 
01019597  CONFIG_TIMER_0_CONST                      
01019598  CONFIG_TIMER_1_CONST                      
01019599  CONFIG_TIMER_2_CONST                      
0101959a  Timer_count                               
0101959b  CONFIG_UART_0_CONST                       
0101959c  UART_count                                
0101959d  CONFIG_WATCHDOG_0_CONST                   
0101959e  Watchdog_count                            
010195a0  ADCCC32XX_fxnTable                        
010195b8  SPICC32XXDMA_fxnTable                     
010195d0  SPI_config                                
01019700  GPIOCC32XX_config                         
010197d4  ADC_config                                
010197e0  UART_config                               
0101981c  udmaCC3220SHWAttrs                        
01019828  ADC_defaultParams                         
01019830  UDMACC32XX_config                         
01019838  ulMaxSyscallInterruptPriority             
01019858  outPinTypes                               
0101986e  inPinTypes                                
01019874  outPinStrengths                           
010198bc  _SlNetAppSendResponseCmdCtrl              
010198c0  _SlNetAppSendTokenValueCmdCtrl            
010198f0  adcCC32XXHWAttrs                          
01019900  __TI_static_base__                        
01019adc  __TI_Handler_Table_Base                   
01019ae8  __TI_Handler_Table_Limit                  
01019af0  __TI_CINIT_Base                           
01019b00  __TI_CINIT_Limit                          
20000000  __start___llvm_prf_cnts                   
20000000  __stop___llvm_prf_cnts                    
20009000  g_CB                                      
200093fc  clients                                   
20009f1c  PowerCC32XX_contextSave                   
2000a1e0  timerCC32XXObjects                        
2000a27c  spiCC32XXDMAObjects                       
2000a384  uartCC32XXObjects0                        
2000a438  GlobalLockObj                             
2000a464  g_SlInternalSpawnCB                       
2000a48c  dbg_msg                                   
2000a4b0  g_ucConnectionSSID                        
2000a5dc  MQTTClient_Lib_CB                         
2000a5ec  DeviceCB                                  
2000a5f8  Msg                                       
2000a61c  g_ucConnectionBSSID                       
2000a624  spiCC32XXSDMAscratchBuf                   
2000a62c  udmaCC3220SObject                         
2000a644  adc                                       
2000a648  adcCC32XXObjects                          
2000a64c  mqttClientHandle                          
2000a650  mqtt_qh                                   
2000a654  qh                                        
2000a658  task1_v1_qh                               
2000a65c  task1_v2_qh                               
2000a660  task2_qh                                  
2000a664  timer1                                    
2000a668  uartHandle                                
2000a66c  xEventGroup                               
2000a670  MQTTClient_waitSecs                       
2000a672  g_usConnectIndex                          
2000a674  RxIrqCnt                                  
2000a678  HwiP_dispatchTable                        
2000ae78  PowerCC32XX_module                        
2000afe4  parkInfo                                  
2000b0dc  SlNetIfConfigWifi                         
2000b134  gpioCallbackFunctions                     
2000b170  gpioPinConfigs                            
2000b1e4  pxCurrentTCB                              
2000b218  MQTTClient_net                            
2000b240  g_LibsEvents                              
2000b264  g_UserEvents                              
2000b2d4  mqttClientParams                          
2000b2ec  mqttConnParams                            
2000b338  ClientId                                  
2000b360  mqttWillParams                            
2000b36c  g_ulStaIp                                 
2000b370  g_ulGatewayIP                             
2000b374  g_ulStatus                                
2000b378  gGlobalLockCntRequested                   
2000b379  gGlobalLockCntReleased                    
2000b37a  g_SlDeviceStatus                          
2000b37c  g_pCB                                     
2000b380  pPingCallBackFunc                         
2000b39c  MQTTClient_closeContext                   
2000b3a0  MQTTClient_clientContext                  
2000b3a4  MQTTClient_multiSrvConn                   
2000b3a8  MQTTClient_clientCfg                      
2000b3c0  mqttInitParams                            
2000b3e8  MQTTClient_connectCfg                     
2000b3f8  g_intHandle                               
2003fc00  __stack                                   
20040000  __STACK_END                               
ffffffff  __TI_pprof_out_hndl                       
ffffffff  __TI_prof_data_size                       
ffffffff  __TI_prof_data_start                      
ffffffff  __binit__                                 
ffffffff  __c_args__                                
ffffffff  binit                                     
UNDEFED   __mpu_init                                
UNDEFED   _system_post_cinit                        

[770 symbols]
