******************************************************************************
                  TI ARM Linker PC v20.2.1                     
******************************************************************************
>> Linked Tue Nov 17 14:16:23 2020

OUTPUT FILE NAME:   <rover_component.out>
ENTRY POINT SYMBOL: "resetISR"  address: 01019df1


MEMORY CONFIGURATION

         name            origin    length      used     unused   attr    fill
----------------------  --------  ---------  --------  --------  ----  --------
  FLASH_HDR             01000000   000007ff  00000000  000007ff  R  X
  FLASH                 01000800   000ff800  0001aa64  000e4d9c  R  X
  SRAM                  20000000   00040000  000167b9  00029847  RW X


SEGMENT ALLOCATION MAP

run origin  load origin   length   init length attrs members
----------  ----------- ---------- ----------- ----- -------
01000800    01000800    0001aa70   0001aa70    r-x
  01000800    01000800    00000040   00000040    r-- .resetVecs
  01000840    01000840    00019c0a   00019c0a    r-x .text
  0101a450    0101a450    00000c32   00000c32    r-- .const
  0101b088    0101b088    000001e8   000001e8    r-- .cinit
20000400    20000400    000160b0   00000000    rw-
  20000400    20000400    00015331   00000000    rw- .bss
  20015734    20015734    00000d7c   00000000    rw- .data
2003fc00    2003fc00    00000400   00000000    rw-
  2003fc00    2003fc00    00000400   00000000    rw- .stack


SECTION ALLOCATION MAP

 output                                  attributes/
section   page    origin      length       input sections
--------  ----  ----------  ----------   ----------------
.resetVecs 
*          0    01000800    00000040     
                  01000800    00000040     freertos_builds_CC3220SF_LAUNCHXL_release_ccs.lib : startup_cc32xx_ccs.obj (.resetVecs:retain)

.text      0    01000840    00019c0a     
                  01000840    00000a4e     rtsv7M4_T_le_eabi.lib : _printfi.c.obj (.text:__TI_printfi)
                  0100128e    00000002     ti_drivers_config.obj (.text:Board_initHook)
                  01001290    000008e8     simplelink.a : driver.obj (.text:_SlDrvMsgRead)
                  01001b78    000004bc                  : sl_socket.obj (.text:_SlSocketHandleAsync_Select)
                  01002034    00000454     rtsv7M4_T_le_eabi.lib : strtod.c.obj (.text:strtod)
                  01002488    0000042c     driverlib.a : prcm.obj (.text:PRCMCC3200MCUInit)
                  010028b4    00000384     simplelink.a : driver.obj (.text:_SlDrvMsgWrite)
                  01002c38    00000320     network_if.obj (.text:Network_IF_ConnectAP)
                  01002f58    0000031c     simplelink.a : driver.obj (.text:_SlDrvReleasePoolObj)
                  01003274    0000031c     control_queue.obj (.text:jsmn_parse)
                  01003590    000002e0     simplelink.a : driver.obj (.text:_SlDrvWaitForPoolObj)
                  01003870    000002d8                  : driver.obj (.text:_SlDrvRxHdrRead)
                  01003b48    000002bc     json_parser.obj (.text:parse_spi)
                  01003e04    000002b0     mqtt_if.obj (.text:MQTTAppThread)
                  010040b4    000002b0     simplelink.a : wlan.obj (.text:sl_WlanProfileAdd)
                  01004364    000002ac                  : sl_socket.obj (.text:sl_Select)
                  01004610    000002a8     mqtt_client_app.obj (.text:mainThread)
                  010048b8    0000028d     network_if.obj (.text:SimpleLinkSockEventHandler)
                  01004b45    00000001     --HOLE-- [fill = 0]
                  01004b46    00000002     driverlib.a : interrupt.obj (.text:IntDefaultHandler)
                  01004b48    0000028c     json_parser.obj (.text:parse_state)
                  01004dd4    00000280     drivers_cc32xx.aem4 : UARTCC32XX.oem4 (.text:UARTCC32XX_open)
                  01005054    0000027c     simplelink.a : wlan.obj (.text:sl_WlanConnect)
                  010052d0    00000278     freertos_builds_CC3220SF_LAUNCHXL_release_ccs.lib : mqueue.obj (.text:mq_open)
                  01005548    00000274     state_thread.obj (.text:fsm_rover)
                  010057bc    00000268     rtsv7M4_T_le_eabi.lib : _printfi.c.obj (.text:_pconv_a)
                  01005a24    00000264     network_if.obj (.text:Network_IF_InitDriver)
                  01005c88    0000025c     simplelink.a : driver.obj (.text:_SlDrvDataReadOp)
                  01005ee4    0000024c     mqtt_if.obj (.text:MQTT_IF_Connect)
                  01006130    00000238     mqtt_client_app.obj (.text:DisplayAppBanner)
                  01006368    00000224     simplelink.a : driver.obj (.text:_SlDrvDriverCBInit)
                  0100658c    00000218                  : driver.obj (.text:_SlDrvDataWriteOp)
                  010067a4    000001f4                  : driver.obj (.text:_SlDrvMsgReadCmdCtx)
                  01006998    000001f2                  : netapp.obj (.text:_SlNetAppEventHandler)
                  01006b8a    00000002     freertos_builds_CC3220SF_LAUNCHXL_release_ccs.lib : PowerCC32XX_freertos.obj (.text:PowerCC32XX_initPolicy)
                  01006b8c    000001e8     mqtt_if.obj (.text:MQTT_IF_Subscribe)
                  01006d74    000001e4     drivers_cc32xx.aem4 : GPIOCC32XX.oem4 (.text:GPIO_setConfig)
                  01006f58    000001e1     network_if.obj (.text:SimpleLinkFatalErrorEventHandler)
                  01007139    00000001     --HOLE-- [fill = 0]
                  0100713a    00000002     drivers_cc32xx.aem4 : TimerCC32XX.oem4 (.text:TimerCC32XX_init)
                  0100713c    000001e0     simplelink.a : device.obj (.text:sl_Stop)
                  0100731c    000001d8     network_if.obj (.text:SimpleLinkWlanEventHandler)
                  010074f4    000001d0     drivers_cc32xx.aem4 : SPICC32XXDMA.oem4 (.text:SPICC32XXDMA_transfer)
                  010076c4    000001d0     freertos_builds_CC3220SF_LAUNCHXL_release_ccs.lib : queue.obj (.text:xQueueSemaphoreTake)
                  01007894    000001cc     rtsv7M4_T_le_eabi.lib : _printfi.c.obj (.text:_pconv_g)
                  01007a60    000001b8     drivers_cc32xx.aem4 : SPICC32XXDMA.oem4 (.text:configDMA)
                  01007c18    000001b8     freertos_builds_CC3220SF_LAUNCHXL_release_ccs.lib : queue.obj (.text:xQueueGenericSend)
                  01007dd0    000001b6     rtsv7M4_T_le_eabi.lib : fd_add_t2.asm.obj (.text)
                  01007f86    00000002     drivers_cc32xx.aem4 : UARTCC32XX.oem4 (.text:UARTCC32XX_init)
                  01007f88    000001b4     simplelink.a : driver.obj (.text:_SlDrvReleaseAllActivePendingPoolObj)
                  0100813c    000001b0     freertos_builds_CC3220SF_LAUNCHXL_release_ccs.lib : PowerCC32XX_freertos.obj (.text:PowerCC32XX_sleepPolicy)
                  010082ec    000001a8     simplelink.a : sl_socket.obj (.text:sl_Accept)
                  01008494    000001a4     mqtt_if.obj (.text:MQTT_IF_Init)
                  01008638    00000198     slnetsock_release.a : slnetsock.oem4 (.text:SlNetSock_select)
                  010087d0    00000190     simplelink.a : sl_socket.obj (.text:_SlDrvRegisterForSelectAsync)
                  01008960    00000190     freertos_builds_CC3220SF_LAUNCHXL_release_ccs.lib : timers.obj (.text:prvProcessReceivedCommands)
                  01008af0    0000018c     control_queue.obj (.text:jsmn_parse_string)
                  01008c7c    00000184     simplelink.a : driver.obj (.text:_SlDrvFindAndSetActiveObj)
                  01008e00    00000180     network_if.obj (.text:SimpleLinkNetAppEventHandler)
                  01008f80    0000017c     freertos_builds_CC3220SF_LAUNCHXL_release_ccs.lib : heap_4.obj (.text:pvPortMalloc)
                  010090fc    0000017c                                                       : queue.obj (.text:xQueueReceive)
                  01009278    00000178     simplelink.a : sl_socket.obj (.text:sl_Connect)
                  010093f0    00000170     encoder_thread.obj (.text:rover_position)
                  01009560    00000170     simplelink.a : netapp.obj (.text:sl_NetAppDnsGetHostByName)
                  010096d0    00000160     mqtt_release.a : mqtt_net_func.oem4 (.text:createSocket)
                  01009830    00000158     drivers_cc32xx.aem4 : SPICC32XXDMA.oem4 (.text:SPICC32XXDMA_open)
                  01009988    00000158     freertos_builds_CC3220SF_LAUNCHXL_release_ccs.lib : tasks.obj (.text:xTaskIncrementTick)
                  01009ae0    00000154     mqtt_release.a : mqttclient.oem4 (.text:MQTTClient_connect)
                  01009c34    00000154     simplelink.a : sl_socket.obj (.text:sl_RecvFrom)
                  01009d88    00000148                  : sl_socket.obj (.text:_SlDrvGetNextTimeoutValue)
                  01009ed0    00000148     drivers_cc32xx.aem4 : PowerCC32XX.oem4 (.text:parkPins)
                  0100a018    00000148     simplelink.a : sl_socket.obj (.text:sl_StartTLS)
                  0100a160    00000140                  : driver.obj (.text:_SlDrvMsgReadSpawnCtx)
                  0100a2a0    0000013c     rtsv7M4_T_le_eabi.lib : _printfi.c.obj (.text:_pconv_e)
                  0100a3dc    00000138     drivers_cc32xx.aem4 : PowerCC32XX.oem4 (.text:Power_sleep)
                  0100a514    00000138     simplelink.a : driver.obj (.text:_SlSpawnMsgListInsert)
                  0100a64c    00000138     freertos_builds_CC3220SF_LAUNCHXL_release_ccs.lib : pthread.obj (.text:pthread_create)
                  0100a784    00000136     rtsv7M4_T_le_eabi.lib : fd_div_t2.asm.obj (.text)
                  0100a8ba    00000002     freertos_builds_CC3220SF_LAUNCHXL_release_ccs.lib : startup_cc32xx_ccs.obj (.text:busFaultHandler)
                  0100a8bc    00000134     simplelink.a : sl_socket.obj (.text:_SlSocketHandleAsync_StartTLS)
                  0100a9f0    00000130                  : driver.obj (.text:_SlDrvDriverCBDeinit)
                  0100ab20    00000128     drivers_cc32xx.aem4 : TimerCC32XX.oem4 (.text:TimerCC32XX_open)
                  0100ac48    00000128     simplelink.a : driver.obj (.text:_SlDrvClassifyRxMsg)
                  0100ad70    00000128     freertos_builds_CC3220SF_LAUNCHXL_release_ccs.lib : tasks.obj (.text:prvInitialiseNewTask)
                  0100ae98    00000124     simplelink.a : fs.obj (.text:sl_FsOpen)
                  0100afbc    00000120     drivers_cc32xx.aem4 : UARTCC32XX.oem4 (.text:UARTCC32XX_close)
                  0100b0dc    00000120     simplelink.a : driver.obj (.text:_SlDrvAsyncEventGenericHandler)
                  0100b1fc    00000120     rtsv7M4_T_le_eabi.lib : _printfi.c.obj (.text:fcvt)
                  0100b31c    0000011c     simplelink.a : device.obj (.text:sl_Start)
                  0100b438    0000011c     freertos_builds_CC3220SF_LAUNCHXL_release_ccs.lib : tasks.obj (.text:xTaskResumeAll)
                  0100b554    00000119     mqtt_client_app.obj (.text:MQTT_EventCallback)
                  0100b66d    00000001     --HOLE-- [fill = 0]
                  0100b66e    00000002     freertos_builds_CC3220SF_LAUNCHXL_release_ccs.lib : startup_cc32xx_ccs.obj (.text:defaultHandler)
                  0100b670    00000118     simplelink.a : netapp.obj (.text:_SlNetAppHandleAsync_DnsGetHostByService)
                  0100b788    00000114     mqtt_client_app.obj (.text:WifiInit)
                  0100b89c    00000112     mqtt_release.a : mqtt_common.oem4 (.text:MQTT_PacketRecv)
                  0100b9ae    00000002     freertos_builds_CC3220SF_LAUNCHXL_release_ccs.lib : startup_cc32xx_ccs.obj (.text:faultISR)
                  0100b9b0    00000110     control_thread.obj (.text:pi_algorithm)
                  0100bac0    00000110     rtsv7M4_T_le_eabi.lib : strtoul.c.obj (.text:strtoul)
                  0100bbd0    0000010a     freertos_builds_CC3220SF_LAUNCHXL_release_ccs.lib : queue.obj (.text:xQueueGenericSendFromISR)
                  0100bcda    00000002                                                       : startup_cc32xx_ccs.obj (.text:nmiISR)
                  0100bcdc    00000108     slnetsock_release.a : slnetutils.oem4 (.text:SlNetUtil_str2BinIpV6)
                  0100bde4    00000108     control_thread.obj (.text:control_thread)
                  0100beec    00000104     simplelink.a : device.obj (.text:_SlDeviceEventHandler)
                  0100bff0    00000104                  : driver.obj (.text:_SlDrvCmdOp)
                  0100c0f4    00000104     freertos_builds_CC3220SF_LAUNCHXL_release_ccs.lib : tasks.obj (.text:vTaskPriorityDisinheritAfterTimeout)
                  0100c1f8    00000100     simplelink.a : driver.obj (.text:_SlDrvObjGlobalLockWaitForever)
                  0100c2f8    00000100     encoder_thread.obj (.text:encoder_thread)
                  0100c3f8    00000100     simplelink.a : fs.obj (.text:sl_FsWrite)
                  0100c4f8    00000100     freertos_builds_CC3220SF_LAUNCHXL_release_ccs.lib : tasks.obj (.text:vTaskDelete)
                  0100c5f8    000000fc     rtsv7M4_T_le_eabi.lib : fd_mul_t2.asm.obj (.text)
                  0100c6f4    000000fc     freertos_builds_CC3220SF_LAUNCHXL_release_ccs.lib : tasks.obj (.text:vTaskSuspend)
                  0100c7f0    000000fa     rtsv7M4_T_le_eabi.lib : fs_add_t2.asm.obj (.text)
                  0100c8ea    000000fa     freertos_builds_CC3220SF_LAUNCHXL_release_ccs.lib : event_groups.obj (.text:xEventGroupSetBits)
                  0100c9e4    000000f8     mqtt_release.a : mqttclient.oem4 (.text:MqttClientCtxCreate)
                  0100cadc    000000f8     slnetifwifi.a : slnetifwifi.obj (.text:SlNetIfWifi_loadSecObj)
                  0100cbd4    000000f8     simplelink.a : sl_socket.obj (.text:sl_Close)
                  0100cccc    000000f8     mqtt_release.a : client_core.oem4 (.text:utf8ArraySend)
                  0100cdc4    000000f6                    : mqtt_net_func.oem4 (.text:MQTTNet_commOpen)
                  0100ceba    00000002     rtsv7M4_T_le_eabi.lib : div0.asm.obj (.text)
                  0100cebc    000000f4                           : s_floor.c.obj (.text:floor)
                  0100cfb0    000000f4     simplelink.a : sl_socket.obj (.text:sl_SendTo)
                  0100d0a4    000000f2     drivers_cc32xx.aem4 : SPICC32XXDMA.oem4 (.text:SPICC32XXDMA_transferCancel)
                  0100d196    000000f2                         : UARTCC32XX.oem4 (.text:UARTCC32XX_control)
                  0100d288    000000f0     freertos_builds_CC3220SF_LAUNCHXL_release_ccs.lib : queue.obj (.text:xQueueGiveFromISR)
                  0100d378    000000e4     slnetsock_release.a : slnetif.oem4 (.text:SlNetIf_add)
                  0100d45c    000000e0     freertos_builds_CC3220SF_LAUNCHXL_release_ccs.lib : tasks.obj (.text:xTaskPriorityDisinherit)
                  0100d53c    000000de     mqtt_release.a : client_core.oem4 (.text:connectMsgSend)
                  0100d61a    00000002     --HOLE-- [fill = 0]
                  0100d61c    000000dc     freertos_builds_CC3220SF_LAUNCHXL_release_ccs.lib : tasks.obj (.text:vTaskSwitchContext)
                  0100d6f8    000000d8     uart_term.obj (.text:GetCmd)
                  0100d7d0    000000d8     drivers_cc32xx.aem4 : SPICC32XXDMA.oem4 (.text:SPICC32XXDMA_close)
                  0100d8a8    000000d8     simplelink.a : device.obj (.text:_SlDeviceHandleAsync_InitComplete)
                  0100d980    000000d8                  : driver.obj (.text:_SlDrvWaitForInternalAsyncEvent)
                  0100da58    000000d8                  : netapp.obj (.text:_SlNetAppHandleAsync_NetAppReceive)
                  0100db30    000000d8     freertos_builds_CC3220SF_LAUNCHXL_release_ccs.lib : queue.obj (.text:xQueueReceiveFromISR)
                  0100dc08    000000d4                                                       : tasks.obj (.text:xTaskPriorityInherit)
                  0100dcdc    000000d0     mqtt_client_app.obj (.text:SetClientIdNamefromMacAddress)
                  0100ddac    000000d0     simplelink.a : driver.obj (.text:_SlDrvRemoveFromList)
                  0100de7c    000000d0     rtsv7M4_T_le_eabi.lib : s_scalbn.c.obj (.text:scalbn)
                  0100df4c    000000cc     mqtt_release.a : mqttclient.oem4 (.text:processNotifyAckCB)
                  0100e018    000000ca     drivers_cc32xx.aem4 : UARTCC32XX.oem4 (.text:UARTCC32XX_write)
                  0100e0e2    000000c8     control_queue.obj (.text:jsmn_parse_primitive)
                  0100e1aa    000000c8     drivers_cc32xx.aem4 : SPICC32XXDMA.oem4 (.text:spiHwiFxn)
                  0100e272    00000002     --HOLE-- [fill = 0]
                  0100e274    000000c6     json_parser.obj (.text:encode_control)
                  0100e33a    00000002     --HOLE-- [fill = 0]
                  0100e33c    000000c4     drivers_cc32xx.aem4 : GPIOCC32XX.oem4 (.text:GPIO_init)
                  0100e400    000000c4     freertos_builds_CC3220SF_LAUNCHXL_release_ccs.lib : tasks.obj (.text:prvAddNewTaskToReadyList)
                  0100e4c4    000000c0     mqtt_release.a : mqttclient.oem4 (.text:MqttClientSub)
                  0100e584    000000c0     simplelink.a : cc_pal.obj (.text:NwpPowerOff)
                  0100e644    000000c0     movement_thread.obj (.text:move_forward)
                  0100e704    000000c0     drivers_cc32xx.aem4 : PowerCC32XX.oem4 (.text:restoreParkedPins)
                  0100e7c4    000000c0     simplelink.a : netcfg.obj (.text:sl_NetCfgGet)
                  0100e884    000000c0     freertos_builds_CC3220SF_LAUNCHXL_release_ccs.lib : port.obj (.text:xPortStartScheduler)
                  0100e944    000000bc     simplelink.a : netapp.obj (.text:_SlNetAppSendResponse)
                  0100ea00    000000bc     mqtt_release.a : client_core.oem4 (.text:clCtxConnStateTryLocked)
                  0100eabc    000000bc     freertos_builds_CC3220SF_LAUNCHXL_release_ccs.lib : queue.obj (.text:prvCopyDataToQueue)
                  0100eb78    000000bc                                                       : heap_4.obj (.text:prvHeapInit)
                  0100ec34    000000bc                                                       : timers.obj (.text:prvSwitchTimerLists)
                  0100ecf0    000000bc     simplelink.a : sl_socket.obj (.text:sl_Send)
                  0100edac    000000bc     rover_timers.obj (.text:timerCB)
                  0100ee68    000000ba     drivers_cc32xx.aem4 : UARTCC32XX.oem4 (.text:UARTCC32XX_readPolling)
                  0100ef22    00000002     --HOLE-- [fill = 0]
                  0100ef24    000000ba     freertos_builds_CC3220SF_LAUNCHXL_release_ccs.lib : portasm.obj (.text)
                  0100efde    00000002     --HOLE-- [fill = 0]
                  0100efe0    000000b8     mqtt_if.obj (.text:MQTTClientCallback)
                  0100f098    000000b8     simplelink.a : netapp.obj (.text:_SlNetAppHandleAsync_DnsGetHostByName)
                  0100f150    000000b8                  : netapp.obj (.text:_SlNetAppHandleAsync_PingResponse)
                  0100f208    000000b8     drivers_cc32xx.aem4 : UARTCC32XX.oem4 (.text:initHw)
                  0100f2c0    000000b8     simplelink.a : device.obj (.text:sl_DeviceGet)
                  0100f378    000000b8                  : wlan.obj (.text:sl_WlanGet)
                  0100f430    000000b8     freertos_builds_CC3220SF_LAUNCHXL_release_ccs.lib : queue.obj (.text:xQueueGenericReset)
                  0100f4e8    000000b6     drivers_cc32xx.aem4 : UARTCC32XX.oem4 (.text:readTaskCallback)
                  0100f59e    00000002     --HOLE-- [fill = 0]
                  0100f5a0    000000b4     mqtt_release.a : mqttclient.oem4 (.text:MqttClient_send)
                  0100f654    000000b4     simplelink.a : driver.obj (.text:_SlDrvHandleFatalError)
                  0100f708    000000b4                  : netutil.obj (.text:_SlNetUtilHandleAsync_Cmd)
                  0100f7bc    000000b4     freertos_builds_CC3220SF_LAUNCHXL_release_ccs.lib : clock.obj (.text:_clock_abstime2ticks)
                  0100f870    000000b4     simplelink.a : sl_socket.obj (.text:sl_GetSockOpt)
                  0100f924    000000b1     rtsv7M4_T_le_eabi.lib : _printfi.c.obj (.text:_ltostr)
                  0100f9d5    00000003     --HOLE-- [fill = 0]
                  0100f9d8    000000b0     slnetifwifi.a : slnetifwifi.obj (.text:SlNetIfWifi_getSockOpt)
                  0100fa88    000000b0     freertos_builds_CC3220SF_LAUNCHXL_release_ccs.lib : tasks.obj (.text:prvAddCurrentTaskToDelayedList)
                  0100fb38    000000b0     drivers_cc32xx.aem4 : UARTCC32XX.oem4 (.text:readTaskBlocking)
                  0100fbe8    000000b0     rtsv7M4_T_le_eabi.lib : s_round.c.obj (.text:round)
                  0100fc98    000000b0     freertos_builds_CC3220SF_LAUNCHXL_release_ccs.lib : tasks.obj (.text:xTaskCheckForTimeOut)
                  0100fd48    000000ae     slnetifwifi.a : slnetifwifi.obj (.text:matchModeByRole)
                  0100fdf6    000000ae     freertos_builds_CC3220SF_LAUNCHXL_release_ccs.lib : queue.obj (.text:prvUnlockQueue)
                  0100fea4    000000ae     drivers_cc32xx.aem4 : UARTCC32XX.oem4 (.text:readIsrTextBlocking)
                  0100ff52    00000002     --HOLE-- [fill = 0]
                  0100ff54    000000ac     simplelink.a : sl_socket.obj (.text:_SlSocketHandleAsync_Close)
                  01010000    000000ac                  : sl_socket.obj (.text:_SlSocketHandleAsync_Connect)
                  010100ac    000000ac     freertos_builds_CC3220SF_LAUNCHXL_release_ccs.lib : clock.obj (.text:clock_gettime)
                  01010158    000000ac     movement_thread.obj (.text:move_rotate)
                  01010204    000000ac     freertos_builds_CC3220SF_LAUNCHXL_release_ccs.lib : tasks.obj (.text:vTaskRemoveFromUnorderedEventList)
                  010102b0    000000a8     driverlib.a : interrupt.obj (.text:IntDisable)
                  01010358    000000a8                 : interrupt.obj (.text:IntEnable)
                  01010400    000000a8     network_if.obj (.text:Network_IF_IpConfigGet)
                  010104a8    000000a8     driverlib.a : prcm.obj (.text:PRCMPeripheralClockGet)
                  01010550    000000a8     drivers_cc32xx.aem4 : PowerCC32XX.oem4 (.text:PowerCC32XX_configureWakeup)
                  010105f8    000000a8     freertos_builds_CC3220SF_LAUNCHXL_release_ccs.lib : heap_4.obj (.text:prvInsertBlockIntoFreeList)
                  010106a0    000000a8     simplelink.a : fs.obj (.text:sl_FsClose)
                  01010748    000000a8     freertos_builds_CC3220SF_LAUNCHXL_release_ccs.lib : heap_4.obj (.text:vPortFree)
                  010107f0    000000a8                                                       : tasks.obj (.text:xTaskRemoveFromEventList)
                  01010898    000000a6     uart_term.obj (.text:Report)
                  0101093e    000000a6     simplelink.a : driver.obj (.text:_SlDrvIsTimeoutExpired)
                  010109e4    000000a4     mqtt_release.a : mqttclient.oem4 (.text:MQTTClient_create)
                  01010a88    000000a4                    : mqttclient.oem4 (.text:MQTTClient_delete)
                  01010b2c    000000a4                    : mqttclient.oem4 (.text:MqttClientConfig)
                  01010bd0    000000a4     simplelink.a : sl_socket.obj (.text:sl_Bind)
                  01010c74    000000a2     drivers_cc32xx.aem4 : UARTCC32XX.oem4 (.text:readIsrTextCallback)
                  01010d16    000000a2                         : UARTCC32XX.oem4 (.text:writeData)
                  01010db8    000000a0     freertos_builds_CC3220SF_LAUNCHXL_release_ccs.lib : ClockP_freertos.obj (.text:ClockP_create)
                  01010e58    000000a0     simplelink.a : fs.obj (.text:FsGetCreateFsMode)
                  01010ef8    000000a0                  : sl_socket.obj (.text:_SlDrvUnRegisterForSelectAsync)
                  01010f98    000000a0                  : driver.obj (.text:_SlSpawnMsgListProcess)
                  01011038    0000009e                  : cc_pal.obj (.text:spi_Read)
                  010110d6    0000009e                  : cc_pal.obj (.text:spi_Write)
                  01011174    0000009c     mqtt_release.a : client_core.oem4 (.text:MQTTClientCore_initLib)
                  01011210    0000009c                    : client_core.oem4 (.text:MQTTClientCore_sendPubMsg)
                  010112ac    0000009c                    : client_core.oem4 (.text:_msgDispatch)
                  01011348    0000009c     main_freertos.obj (.text:main)
                  010113e4    0000009c     rtsv7M4_T_le_eabi.lib : memcpy_t2.asm.obj (.text)
                  01011480    0000009a     mqtt_release.a : client_core.oem4 (.text:procPubMsgRx)
                  0101151a    00000002     --HOLE-- [fill = 0]
                  0101151c    00000098     mqtt_if.obj (.text:MQTT_IF_Publish)
                  010115b4    00000098     uart_term.obj (.text:TrimSpace)
                  0101164c    00000098     drivers_cc32xx.aem4 : GPIOCC32XX.oem4 (.text:powerNotifyFxn)
                  010116e4    00000096     mqtt_release.a : mqtt_net_func.oem4 (.text:MQTTNet_tcpSelect)
                  0101177a    00000096     rtsv7M4_T_le_eabi.lib : ull_div_t2.asm.obj (.text)
                  01011810    00000094     simplelink.a : cc_pal.obj (.text:Semaphore_pend_handle)
                  010118a4    00000094     drivers_cc32xx.aem4 : SPICC32XXDMA.oem4 (.text:initHw)
                  01011938    00000094     freertos_builds_CC3220SF_LAUNCHXL_release_ccs.lib : tasks.obj (.text:vTaskStartScheduler)
                  010119cc    00000092     slnetsock_release.a : slnetsock.oem4 (.text:SlNetSock_create)
                  01011a5e    00000002     --HOLE-- [fill = 0]
                  01011a60    00000090                         : slnetsock.oem4 (.text:SlNetSock_getVirtualSdConf)
                  01011af0    00000090     simplelink.a : device.obj (.text:_SlDeviceHandleAsync_Stop)
                  01011b80    00000090                  : sl_socket.obj (.text:_SlSocketHandleAsync_Accept)
                  01011c10    00000090     mqtt_release.a : mqttclient.oem4 (.text:processPublishRxCB)
                  01011ca0    00000090     drivers_cc32xx.aem4 : PowerCC32XX.oem4 (.text:restoreNVICRegs)
                  01011d30    0000008c     mqtt_release.a : client_core.oem4 (.text:MQTTClientCore_createCtx)
                  01011dbc    0000008c     slnetsock_release.a : slnetsock.oem4 (.text:SlNetSock_accept)
                  01011e48    0000008c     simplelink.a : driver.obj (.text:_SlDrvDriverIsApiAllowed)
                  01011ed4    0000008c                  : driver.obj (.text:_SlDrvProtectAsyncRespSetting)
                  01011f60    0000008c     freertos_builds_CC3220SF_LAUNCHXL_release_ccs.lib : clock.obj (.text:_clock_gettimeMono)
                  01011fec    0000008c     simplelink.a : sl_socket.obj (.text:sl_Recv)
                  01012078    00000088     driverlib.a : pin.obj (.text:PinConfigSet)
                  01012100    00000088     drivers_cc32xx.aem4 : TimerCC32XX.oem4 (.text:TimerCC32XX_setPeriod)
                  01012188    00000088     mqtt_release.a : client_core.oem4 (.text:procConnackRx)
                  01012210    00000088     freertos_builds_CC3220SF_LAUNCHXL_release_ccs.lib : timers.obj (.text:prvProcessTimerOrBlockTask)
                  01012298    00000088     simplelink.a : eventreg.obj (.text:sl_UnregisterLibsEventHandler)
                  01012320    00000088     mqtt_release.a : client_core.oem4 (.text:wrConnectPayload)
                  010123a8    00000086     rtsv7M4_T_le_eabi.lib : fd_cmp_t2.asm.obj (.text:__aeabi_cdcmple)
                  0101242e    00000086                           : fd_cmp_t2.asm.obj (.text:__aeabi_cdrcmple)
                  010124b4    00000084     mqtt_if.obj (.text:MQTTHelperTopicMatching)
                  01012538    00000084     drivers_cc32xx.aem4 : PowerCC32XX.oem4 (.text:Power_init)
                  010125bc    00000084     slnetifwifi.a : slnetifwifi.obj (.text:SlNetIfWifi_sockstartSec)
                  01012640    00000084     slnetsock_release.a : slnetutils.oem4 (.text:SlNetUtil_getHostByName)
                  010126c4    00000084     debug.obj (.text:dbgOutputLoc)
                  01012748    00000084     mqtt_release.a : client_core.oem4 (.text:mqpSetupProcCtxDataRecv)
                  010127cc    00000084     drivers_cc32xx.aem4 : PowerCC32XX.oem4 (.text:saveNVICRegs)
                  01012850    00000084     simplelink.a : sl_socket.obj (.text:sl_SetSockOpt)
                  010128d4    00000084     freertos_builds_CC3220SF_LAUNCHXL_release_ccs.lib : timers.obj (.text:xTimerGenericCommand)
                  01012958    00000080     drivers_cc32xx.aem4 : PowerCC32XX.oem4 (.text:Power_setDependency)
                  010129d8    00000080     mqtt_release.a : client_core.oem4 (.text:clCtxPartSend)
                  01012a58    00000080     freertos_builds_CC3220SF_LAUNCHXL_release_ccs.lib : timers.obj (.text:prvProcessExpiredTimer)
                  01012ad8    0000007f     json_parser.obj (.text:encode_SPI)
                  01012b57    00000001     --HOLE-- [fill = 0]
                  01012b58    0000007c     mqtt_if.obj (.text:MQTTContextThread)
                  01012bd4    0000007c     drivers_cc32xx.aem4 : UDMACC32XX.oem4 (.text:UDMACC32XX_open)
                  01012c50    0000007c     json_parser.obj (.text:encode_odometry)
                  01012ccc    0000007c     mqtt_release.a : client_core.oem4 (.text:procCtxDataRecv)
                  01012d48    0000007c     drivers_cc32xx.aem4 : UARTCC32XX.oem4 (.text:readIsrBinaryBlocking)
                  01012dc4    0000007a     freertos_builds_CC3220SF_LAUNCHXL_release_ccs.lib : pthread.obj (.text:removeThreadKeys)
                  01012e3e    0000007a     rtsv7M4_T_le_eabi.lib : fs_mul_t2.asm.obj (.text)
                  01012eb8    0000007a                           : memset_t2.asm.obj (.text)
                  01012f32    0000007a     freertos_builds_CC3220SF_LAUNCHXL_release_ccs.lib : tasks.obj (.text:xTaskCreate)
                  01012fac    00000078     drivers_cc32xx.aem4 : GPIOCC32XX.oem4 (.text:GPIO_hwiIntFxn)
                  01013024    00000078     mqtt_release.a : mqtt_net_func.oem4 (.text:MQTTNet_recvFrom)
                  0101309c    00000078     drivers_cc32xx.aem4 : TimerCC32XX.oem4 (.text:TimerCC32XX_start)
                  01013114    00000078     movement_thread.obj (.text:movement_thread)
                  0101318c    00000078     freertos_builds_CC3220SF_LAUNCHXL_release_ccs.lib : timers.obj (.text:prvInsertTimerInActiveList)
                  01013204    00000078     drivers_cc32xx.aem4 : UARTCC32XX.oem4 (.text:readIsrBinaryCallback)
                  0101327c    00000078     simplelink.a : sl_socket.obj (.text:sl_Socket)
                  010132f4    00000074     mqtt_release.a : mqtt_net_func.oem4 (.text:MQTTNet_tcpAccept)
                  01013368    00000074     slnetsock_release.a : slnetsock.oem4 (.text:SlNetSock_AllocVirtualSocket)
                  010133dc    00000074     drivers_cc32xx.aem4 : UARTCC32XX.oem4 (.text:UARTCC32XX_hwiIntFxn)
                  01013450    00000074     mqtt_release.a : client_core.oem4 (.text:groupCtxsRxPrep)
                  010134c4    00000074     freertos_builds_CC3220SF_LAUNCHXL_release_ccs.lib : tasks.obj (.text:prvInitialiseTaskLists)
                  01013538    00000074                                                       : pthread_mutex.obj (.text:pthread_mutex_init)
                  010135ac    00000074                                                       : port.obj (.text:vPortValidateInterruptPriority)
                  01013620    00000072     mqtt_release.a : mqtt_common.oem4 (.text:MQTT_packetProcPubRx)
                  01013692    00000002     --HOLE-- [fill = 0]
                  01013694    00000070     slnetsock_release.a : slnetsock.oem4 (.text:SlNetSock_secAttribSet)
                  01013704    00000070     simplelink.a : driver.obj (.text:_SlDrvCmdSend_noLock)
                  01013774    00000070     state_thread.obj (.text:move_rover)
                  010137e4    00000070     freertos_builds_CC3220SF_LAUNCHXL_release_ccs.lib : ClockP_freertos.obj (.text:setClockObjTimeout)
                  01013854    0000006e     rtsv7M4_T_le_eabi.lib : _printfi.c.obj (.text:_mcpy)
                  010138c2    0000006e                           : fd_tos_t2.asm.obj (.text)
                  01013930    0000006c     mqtt_release.a : mqttclient.oem4 (.text:MQTTClient_run)
                  0101399c    0000006c     slnetsock_release.a : slnetutils.oem4 (.text:SlNetUtil_str2BinIpV4)
                  01013a08    0000006c     simplelink.a : device.obj (.text:_SlDeviceHandleResetRequestInternally)
                  01013a74    0000006c                  : sl_socket.obj (.text:_SlDrvOpenCtrlSocket)
                  01013ae0    0000006c                  : netapp.obj (.text:_SlNetAppSendTokenValue)
                  01013b4c    0000006c     debug.obj (.text:dbgErrorRoutine)
                  01013bb8    0000006a     mqtt_release.a : mqtt_net_func.oem4 (.text:MQTTNet_sendTo)
                  01013c22    00000068                    : mqtt_common.oem4 (.text:MQTT_qos2PubCqUnlog)
                  01013c8a    00000002     --HOLE-- [fill = 0]
                  01013c8c    00000068     simplelink.a : driver.obj (.text:_SlSpawnMsgListGetCount)
                  01013cf4    00000068     rtsv7M4_T_le_eabi.lib : copy_decompress_lzss.c.obj (.text:decompress:lzss:__TI_decompress_lzss)
                  01013d5c    00000068     uart_rover.obj (.text:motor_driver_init)
                  01013dc4    00000068     simplelink.a : cc_pal.obj (.text:spi_Open)
                  01013e2c    00000066     drivers_cc32xx.aem4 : UARTCC32XX.oem4 (.text:UARTCC32XX_writeCancel)
                  01013e92    00000066     freertos_builds_CC3220SF_LAUNCHXL_release_ccs.lib : timers.obj (.text:prvInitialiseNewTimer)
                  01013ef8    00000066                                                       : memory.obj (.text:realloc)
                  01013f5e    00000066                                                       : list.obj (.text:vListInsert)
                  01013fc4    00000064                                                       : ClockP_freertos.obj (.text:ClockP_stop)
                  01014028    00000064     drivers_cc32xx.aem4 : GPIOCC32XX.oem4 (.text:GPIO_toggle)
                  0101408c    00000064     mqtt_release.a : mqtt_common.oem4 (.text:MQTT_packetPubAppendTopic)
                  010140f0    00000064     drivers_cc32xx.aem4 : PowerCC32XX.oem4 (.text:PowerCC32XX_setParkState)
                  01014154    00000064     freertos_builds_CC3220SF_LAUNCHXL_release_ccs.lib : pthread_mutex.obj (.text:acquireMutex)
                  010141b8    00000064     mqtt_release.a : client_core.oem4 (.text:clientReset)
                  0101421c    00000064     control_thread.obj (.text:create_control_task)
                  01014280    00000064     encoder_thread.obj (.text:create_encoder_task)
                  010142e4    00000064     movement_thread.obj (.text:create_movement_task)
                  01014348    00000064     state_thread.obj (.text:create_state_task)
                  010143ac    00000064     mqtt_release.a : client_core.oem4 (.text:doNetClose)
                  01014410    00000064     freertos_builds_CC3220SF_LAUNCHXL_release_ccs.lib : tasks.obj (.text:prvGetExpectedIdleTime)
                  01014474    00000062     drivers_cc32xx.aem4 : UARTCC32XX.oem4 (.text:UARTCC32XX_writePolling)
                  010144d6    00000062     encoder_thread.obj (.text:read_encoder)
                  01014538    00000060     freertos_builds_CC3220SF_LAUNCHXL_release_ccs.lib : HwiPCC32XX_freertos.obj (.text:HwiP_create)
                  01014598    00000060     driverlib.a : prcm.obj (.text:PRCMSysResetCauseGet)
                  010145f8    00000060     slnetsock_release.a : slnetsock.oem4 (.text:SlNetSock_recvFrom)
                  01014658    00000060                         : slnetsock.oem4 (.text:SlNetSock_sendTo)
                  010146b8    00000060     rtsv7M4_T_le_eabi.lib : fs_cmp_t2.asm.obj (.text:__aeabi_cfcmple)
                  01014718    00000060                           : fs_cmp_t2.asm.obj (.text:__aeabi_cfrcmple)
                  01014778    00000060     freertos_builds_CC3220SF_LAUNCHXL_release_ccs.lib : pthread_mutex.obj (.text:pthread_mutex_unlock)
                  010147d8    00000060     encoder_SPI.obj (.text:read_SPI)
                  01014838    00000060     freertos_builds_CC3220SF_LAUNCHXL_release_ccs.lib : queue.obj (.text:xQueueGenericCreate)
                  01014898    0000005e     slnetifwifi.a : slnetifwifi.obj (.text:SlNetIfWifi_setSockOpt)
                  010148f6    0000005e     freertos_builds_CC3220SF_LAUNCHXL_release_ccs.lib : semaphore.obj (.text:sem_timedwait)
                  01014954    0000005e                                                       : event_groups.obj (.text:xEventGroupClearBits)
                  010149b2    00000002     --HOLE-- [fill = 0]
                  010149b4    0000005c     drivers_cc32xx.aem4 : GPIOCC32XX.oem4 (.text:GPIO_setCallback)
                  01014a10    0000005c     mqtt_release.a : client_core.oem4 (.text:MQTTClientCore_exitLib)
                  01014a6c    0000005c                    : mqtt_net_func.oem4 (.text:MQTTNet_tcpListen)
                  01014ac8    0000005c     simplelink.a : spawn.obj (.text:_SlInternalSpawn)
                  01014b24    0000005c     freertos_builds_CC3220SF_LAUNCHXL_release_ccs.lib : memory.obj (.text:calloc)
                  01014b80    0000005c     rtsv7M4_T_le_eabi.lib : s_frexp.c.obj (.text:frexp)
                  01014bdc    0000005c     freertos_builds_CC3220SF_LAUNCHXL_release_ccs.lib : tasks.obj (.text:prvIdleTask)
                  01014c38    0000005c                                                       : pthread.obj (.text:pthread_exit)
                  01014c94    0000005c                                                       : queue.obj (.text:vQueueWaitForMessageRestricted)
                  01014cf0    0000005c                                                       : tasks.obj (.text:vTaskDelay)
                  01014d4c    00000058     drivers_cc32xx.aem4 : GPIOCC32XX.oem4 (.text:GPIO_write)
                  01014da4    00000058     driverlib.a : interrupt.obj (.text:IntPendClear)
                  01014dfc    00000058                 : prcm.obj (.text:PRCMPeripheralReset)
                  01014e54    00000058     drivers_cc32xx.aem4 : PowerCC32XX.oem4 (.text:Power_releaseDependency)
                  01014eac    00000058     slnetsock_release.a : slnetsock.oem4 (.text:SlNetSock_recv)
                  01014f04    00000058                         : slnetsock.oem4 (.text:SlNetSock_send)
                  01014f5c    00000058     simplelink.a : sl_socket.obj (.text:_SlDrvClearCtrlSocket)
                  01014fb4    00000058     mqtt_release.a : client_core.oem4 (.text:clRecv)
                  0101500c    00000058     freertos_builds_CC3220SF_LAUNCHXL_release_ccs.lib : tasks.obj (.text:eTaskConfirmSleepModeStatus)
                  01015064    00000058     mqtt_release.a : client_core.oem4 (.text:singleCtxKaSequence)
                  010150bc    00000058     simplelink.a : sl_socket.obj (.text:sl_Listen)
                  01015114    00000058                  : eventreg.obj (.text:sl_RegisterLibsEventHandler)
                  0101516c    00000058     freertos_builds_CC3220SF_LAUNCHXL_release_ccs.lib : port.obj (.text:vPortSetupTimerInterrupt)
                  010151c4    00000058                                                       : queue.obj (.text:xQueueCreateCountingSemaphore)
                  0101521c    00000058                                                       : queue.obj (.text:xQueueTakeMutexRecursive)
                  01015274    00000056     mqtt_release.a : mqtt_common.oem4 (.text:MQTT_packetPubAppendData)
                  010152ca    00000056     freertos_builds_CC3220SF_LAUNCHXL_release_ccs.lib : SemaphoreP_freertos.obj (.text:SemaphoreP_create)
                  01015320    00000056     drivers_cc32xx.aem4 : TimerCC32XX.oem4 (.text:TimerCC32XX_stop)
                  01015376    00000056     rtsv7M4_T_le_eabi.lib : _printfi.c.obj (.text:_pconv_f)
                  010153cc    00000056     mqtt_release.a : client_core.oem4 (.text:procAckMsgRx)
                  01015422    00000002     --HOLE-- [fill = 0]
                  01015424    00000054     freertos_builds_CC3220SF_LAUNCHXL_release_ccs.lib : ClockP_freertos.obj (.text:ClockP_delete)
                  01015478    00000054     uart_term.obj (.text:InitTerm)
                  010154cc    00000054     driverlib.a : interrupt.obj (.text:IntPrioritySet)
                  01015520    00000054     mqtt_release.a : client_core.oem4 (.text:MQTTClientCore_deleteCtx)
                  01015574    00000054                    : client_core.oem4 (.text:MQTTClientCore_sendDisconn)
                  010155c8    00000054     simplelink.a : driver.obj (.text:_SlDrvRxIrqHandler)
                  0101561c    00000054     rtsv7M4_T_le_eabi.lib : _ltoa.c.obj (.text:__TI_ltoa)
                  01015670    00000054     mqtt_release.a : client_core.oem4 (.text:grpNetSetupCreate)
                  010156c4    00000054     drivers_cc32xx.aem4 : UARTCC32XX.oem4 (.text:ringBufGet)
                  01015718    00000054     uart_rover.obj (.text:wheel_write)
                  0101576c    00000054     freertos_builds_CC3220SF_LAUNCHXL_release_ccs.lib : timers.obj (.text:xTimerCreateTimerTask)
                  010157c0    00000052     drivers_cc32xx.aem4 : PowerCC32XX_asm.oem4 (.text:PowerCC32XX_resumeLPDS)
                  01015812    00000052     rtsv7M4_T_le_eabi.lib : _printfi.c.obj (.text:_ecpy)
                  01015864    00000052     drivers_cc32xx.aem4 : TimerCC32XX.oem4 (.text:initHw)
                  010158b6    00000002     --HOLE-- [fill = 0]
                  010158b8    00000050     simplelink.a : cc_pal.obj (.text:NwpRegisterInterruptHandler)
                  01015908    00000050     slnetsock_release.a : slnetif.oem4 (.text:SlNetIf_queryIf)
                  01015958    00000050     drivers_cc32xx.aem4 : TimerCC32XX.oem4 (.text:TimerCC32XX_allocateTimerResource)
                  010159a8    00000050     simplelink.a : sl_socket.obj (.text:_SlDrvCloseCtrlSocket)
                  010159f8    00000050                  : driver.obj (.text:_SlDrvCmdSend_noWait)
                  01015a48    00000050                  : driver.obj (.text:_SlDrvUpdateApiInProgress)
                  01015a98    00000050                  : spawn.obj (.text:_SlInternalSpawnTaskEntry)
                  01015ae8    00000050                  : eventreg.obj (.text:_SlNetAppHttpServerHdlr)
                  01015b38    00000050                  : eventreg.obj (.text:_SlNetAppRequestHdlr)
                  01015b88    00000050     mqtt_release.a : client_core.oem4 (.text:_procAckMsgRx)
                  01015bd8    00000050     freertos_builds_CC3220SF_LAUNCHXL_release_ccs.lib : mqueue.obj (.text:mq_close)
                  01015c28    00000050                                                       : port.obj (.text:pxPortInitialiseStack)
                  01015c78    00000050                                                       : semaphore.obj (.text:sem_init)
                  01015cc8    00000050     state_thread.obj (.text:state_thread)
                  01015d18    00000050     freertos_builds_CC3220SF_LAUNCHXL_release_ccs.lib : queue.obj (.text:xQueueGiveMutexRecursive)
                  01015d68    0000004e     mqtt_release.a : client_core.oem4 (.text:MQTTClientCore_registerWillInfo)
                  01015db6    00000002     --HOLE-- [fill = 0]
                  01015db8    0000004c     drivers_cc32xx.aem4 : GPIOCC32XX.oem4 (.text:GPIO_enableInt)
                  01015e04    0000004c     simplelink.a : cc_pal.obj (.text:NwpWaitForShutDownInd)
                  01015e50    0000004c     drivers_cc32xx.aem4 : PowerCC32XX.oem4 (.text:PowerCC32XX_parkPin)
                  01015e9c    0000004c     slnetifwifi.a : slnetifwifi.obj (.text:SlNetIfWifi_getConnectionStatus)
                  01015ee8    0000004c     slnetsock_release.a : slnetsock.oem4 (.text:SlNetSock_freeVirtualSocket)
                  01015f34    0000004c                         : slnetsock.oem4 (.text:SlNetSock_startSec)
                  01015f80    0000004c     mqtt_release.a : client_core.oem4 (.text:ack1WlMqpDispatch)
                  01015fcc    0000004c     rtsv7M4_T_le_eabi.lib : atoi.c.obj (.text:atoi)
                  01016018    0000004c     freertos_builds_CC3220SF_LAUNCHXL_release_ccs.lib : startup_cc32xx_ccs.obj (.text:initVectors)
                  01016064    0000004c     mqtt_release.a : client_core.oem4 (.text:loopbTrigger)
                  010160b0    0000004c     freertos_builds_CC3220SF_LAUNCHXL_release_ccs.lib : timers.obj (.text:prvCheckForValidListAndQueue)
                  010160fc    0000004c                                                       : tasks.obj (.text:prvCheckTasksWaitingTermination)
                  01016148    0000004c     drivers_cc32xx.aem4 : PowerCC32XX.oem4 (.text:restorePeriphClocks)
                  01016194    0000004c     mqtt_release.a : client_core.oem4 (.text:singleCtxRxPrep)
                  010161e0    0000004c     simplelink.a : wlan.obj (.text:sl_WlanSetMode)
                  0101622c    0000004c     rtsv7M4_T_le_eabi.lib : snprintf.c.obj (.text:snprintf)
                  01016278    0000004c     freertos_builds_CC3220SF_LAUNCHXL_release_ccs.lib : port.obj (.text:vPortEnterCritical)
                  010162c4    0000004c                                                       : tasks.obj (.text:vTaskSetThreadLocalStoragePointer)
                  01016310    0000004a     mqtt_release.a : client_core.oem4 (.text:clCtxRecv)
                  0101635a    00000002     --HOLE-- [fill = 0]
                  0101635c    00000048     driverlib.a : flash.obj (.text:FlashDisable)
                  010163a4    00000048     freertos_builds_CC3220SF_LAUNCHXL_release_ccs.lib : HwiPCC32XX_freertos.obj (.text:HwiP_dispatch)
                  010163ec    00000048     mqtt_release.a : mqttclient.oem4 (.text:MQTTClient_set)
                  01016434    00000048     driverlib.a : prcm.obj (.text:PRCMLPDSEnter)
                  0101647c    00000048                 : prcm.obj (.text:PRCMPeripheralClkEnable)
                  010164c4    00000048     drivers_cc32xx.aem4 : PowerCC32XX.oem4 (.text:Power_releaseConstraint)
                  0101650c    00000048     slnetsock_release.a : slnetsock.oem4 (.text:SlNetSock_connect)
                  01016554    00000048                         : slnetsock.oem4 (.text:SlNetSock_init)
                  0101659c    00000048                         : slnetsock.oem4 (.text:SlNetSock_setOpt)
                  010165e4    00000048     simplelink.a : eventreg.obj (.text:_SlDeviceFatalErrorEvtHdlr)
                  0101662c    00000048                  : eventreg.obj (.text:_SlDeviceGeneralEvtHdlr)
                  01016674    00000048                  : driver.obj (.text:_SlDrvBasicCmd)
                  010166bc    00000048                  : driver.obj (.text:_SlDrvSyncObjWaitTimeout)
                  01016704    00000048                  : eventreg.obj (.text:_SlNetAppEvtHdlr)
                  0101674c    00000048                  : eventreg.obj (.text:_SlNetAppRequestMemFree)
                  01016794    00000048                  : eventreg.obj (.text:_SlSockEvtHdlr)
                  010167dc    00000048                  : eventreg.obj (.text:_SlWlanEvtHdlr)
                  01016824    00000048     mqtt_release.a : client_core.oem4 (.text:bufUTF8WrTry)
                  0101686c    00000048                    : client_core.oem4 (.text:clCtxSetup)
                  010168b4    00000048     json_parser.obj (.text:jsoneq)
                  010168fc    00000048     rtsv7M4_T_le_eabi.lib : fd_toi_t2.asm.obj (.text)
                  01016944    00000048     freertos_builds_CC3220SF_LAUNCHXL_release_ccs.lib : sleep.obj (.text:sleep)
                  0101698c    00000048                                                       : list.obj (.text:uxListRemove)
                  010169d4    00000048     mqtt_release.a : client_core.oem4 (.text:wrConnectVh)
                  01016a1c    00000047     json_parser.obj (.text:encode_state_mqtt)
                  01016a63    00000001     --HOLE-- [fill = 0]
                  01016a64    00000046     drivers_cc32xx.aem4 : RingBuf.oem4 (.text:RingBuf_put)
                  01016aaa    00000046                         : TimerCC32XX.oem4 (.text:getPrescaler)
                  01016af0    00000044     mqtt_release.a : client_core.oem4 (.text:MQTTClientCore_run)
                  01016b34    00000044                    : mqtt_net_func.oem4 (.text:MQTTNet_tcpRecv)
                  01016b78    00000044                    : mqttclient.oem4 (.text:MqttClientCtxDelete)
                  01016bbc    00000044     driverlib.a : prcm.obj (.text:PRCMLPDSRestoreInfoSet)
                  01016c00    00000044     drivers_cc32xx.aem4 : PowerCC32XX_asm.oem4 (.text:PowerCC32XX_enterLPDS)
                  01016c44    00000044                         : SPI.oem4 (.text:SPI_init)
                  01016c88    00000044     slnetsock_release.a : slnetutils.oem4 (.text:SlNetUtil_strTok)
                  01016ccc    00000044     drivers_cc32xx.aem4 : Timer.oem4 (.text:Timer_init)
                  01016d10    00000044                         : UART.oem4 (.text:UART_init)
                  01016d54    00000044     rtsv7M4_T_le_eabi.lib : autoinit.c.obj (.text:__TI_auto_init_nobinit_nopinit:__TI_auto_init_nobinit_nopinit)
                  01016d98    00000044     freertos_builds_CC3220SF_LAUNCHXL_release_ccs.lib : queue.obj (.text:prvInitialiseNewQueue)
                  01016ddc    00000044     ti_net_config.obj (.text:ti_net_SlNet_initConfig)
                  01016e20    00000044     freertos_builds_CC3220SF_LAUNCHXL_release_ccs.lib : tasks.obj (.text:vTaskStepTick)
                  01016e64    00000044     mqtt_release.a : client_core.oem4 (.text:vhMsgSend)
                  01016ea8    00000042                    : mqtt_common.oem4 (.text:MQTT_packetBufRdRemlen)
                  01016eea    00000042     freertos_builds_CC3220SF_LAUNCHXL_release_ccs.lib : memory.obj (.text:malloc)
                  01016f2c    00000042     state_thread.obj (.text:publish_movement)
                  01016f6e    00000040     simplelink.a : sl_socket.obj (.text:CountSetBits)
                  01016fae    00000002     --HOLE-- [fill = 0]
                  01016fb0    00000040     network_if.obj (.text:InitializeAppVariables)
                  01016ff0    00000040     mqtt_release.a : client_core.oem4 (.text:MQTTClientCore_registerCtxInfo)
                  01017030    00000040     driverlib.a : pin.obj (.text:PinModeSet)
                  01017070    00000040     drivers_cc32xx.aem4 : RingBuf.oem4 (.text:RingBuf_get)
                  010170b0    00000040                         : SPI.oem4 (.text:SPI_open)
                  010170f0    00000040     network_if.obj (.text:SimpleLinkGeneralEventHandler)
                  01017130    00000040     slnetsock_release.a : slnetsock.oem4 (.text:SlNetSock_bind)
                  01017170    00000040     drivers_cc32xx.aem4 : Timer.oem4 (.text:Timer_open)
                  010171b0    00000040                         : UARTCC32XX.oem4 (.text:UARTCC32XX_read)
                  010171f0    00000040                         : UART.oem4 (.text:UART_open)
                  01017230    00000040                         : UDMACC32XX.oem4 (.text:UDMACC32XX_init)
                  01017270    00000040     simplelink.a : driver.obj (.text:_SlDrvGlobalObjUnLock)
                  010172b0    00000040                  : driver.obj (.text:_SlFindAndReleasePendingCmd)
                  010172f0    00000040                  : spawn.obj (.text:_SlInternalSpawnWaitForEvent)
                  01017330    00000040                  : eventreg.obj (.text:_SlIsEventRegistered)
                  01017370    00000040     freertos_builds_CC3220SF_LAUNCHXL_release_ccs.lib : aeabi_portable.obj (.text:__aeabi_errno_addr)
                  010173b0    00000040     mqtt_release.a : mqttclient.oem4 (.text:_sl_ExtLib_ServerAckLockedWait)
                  010173f0    00000040     mqtt_callback_queue.obj (.text:broker_pop)
                  01017430    00000040     control_queue.obj (.text:jsmn_alloc_token)
                  01017470    00000040     mqtt_release.a : client_core.oem4 (.text:netConnect)
                  010174b0    00000040     rtsv7M4_T_le_eabi.lib : sprintf.c.obj (.text:sprintf)
                  010174f0    00000040     freertos_builds_CC3220SF_LAUNCHXL_release_ccs.lib : tasks.obj (.text:vTaskPlaceOnEventListRestricted)
                  01017530    00000040     rtsv7M4_T_le_eabi.lib : vsnprintf.c.obj (.text:vsnprintf)
                  01017570    0000003e     freertos_builds_CC3220SF_LAUNCHXL_release_ccs.lib : ClockP_freertos.obj (.text:ClockP_callbackFxn)
                  010175ae    0000003e     mqtt_release.a : mqtt_common.oem4 (.text:MQTT_packetAckWlistRemove)
                  010175ec    0000003e                    : mqtt_common.oem4 (.text:MQTT_packetBufTailWrRemlen)
                  0101762a    0000003e     slnetsock_release.a : slnetsock.oem4 (.text:SlNetSock_close)
                  01017668    0000003e     simplelink.a : sl_socket.obj (.text:_SlSocketBuildAddress)
                  010176a6    0000003e     rtsv7M4_T_le_eabi.lib : _printfi.c.obj (.text:_fcpy)
                  010176e4    0000003e     mqtt_release.a : client_core.oem4 (.text:clCtxSeg1Send)
                  01017722    0000003e                    : client_core.oem4 (.text:procPingrspRx)
                  01017760    0000003e     freertos_builds_CC3220SF_LAUNCHXL_release_ccs.lib : pthread.obj (.text:pthread_setcancelstate)
                  0101779e    0000003e                                                       : semaphore.obj (.text:sem_post)
                  010177dc    0000003c     mqtt_release.a : client_core.oem4 (.text:MQTTClientCore_registerBuffers)
                  01017818    0000003c                    : mqttclient.oem4 (.text:MQTTClient_disconnect)
                  01017854    0000003c                    : mqtt_common.oem4 (.text:MQTT_qos2PubCqCheck)
                  01017890    0000003c     network_if.obj (.text:Network_IF_DisconnectFromAP)
                  010178cc    0000003c     driverlib.a : prcm.obj (.text:PRCMSlowClkCtrFastGet)
                  01017908    0000003c     drivers_cc32xx.aem4 : PowerCC32XX.oem4 (.text:Power_setConstraint)
                  01017944    0000003c     simplelink.a : netapp.obj (.text:_SlNetAppCopyPingResultsToReport)
                  01017980    0000003c     encoder_thread.obj (.text:init_encoder)
                  010179bc    0000003c     mqtt_release.a : mqttclient.oem4 (.text:processDisconnCB)
                  010179f8    0000003c     freertos_builds_CC3220SF_LAUNCHXL_release_ccs.lib : queue.obj (.text:prvCopyDataFromQueue)
                  01017a34    0000003c                                                       : tasks.obj (.text:prvResetNextTaskUnblockTime)
                  01017a70    0000003c                                                       : tasks.obj (.text:pvTaskGetThreadLocalStoragePointer)
                  01017aac    0000003c     mqtt_release.a : client_core.oem4 (.text:singleCtxRxPrepLocked)
                  01017ae8    0000003c                    : client_core.oem4 (.text:tailIncorpMsgID)
                  01017b24    0000003c     simplelink.a : sl_socket.obj (.text:to_mSec)
                  01017b60    0000003c     freertos_builds_CC3220SF_LAUNCHXL_release_ccs.lib : sleep.obj (.text:usleep)
                  01017b9c    0000003c                                                       : list.obj (.text:vListInsertEnd)
                  01017bd8    0000003c                                                       : timers.obj (.text:xTimerCreate)
                  01017c14    0000003c                                                       : timers.obj (.text:xTimerPendFunctionCallFromISR)
                  01017c50    0000003a     slnetifwifi.a : slnetifwifi.obj (.text:SlNetIfWifi_getIPAddr)
                  01017c8a    0000003a     drivers_cc32xx.aem4 : TimerCC32XX.oem4 (.text:TimerCC32XX_close)
                  01017cc4    0000003a     mqtt_release.a : mqtt_common.oem4 (.text:mqpProcVhMsgIdRx)
                  01017cfe    0000003a     mqtt_callback_queue.obj (.text:receiveData)
                  01017d38    00000038     mqtt_release.a : client_core.oem4 (.text:MQTTClientCore_registerNetSvc)
                  01017d70    00000038                    : mqtt_common.oem4 (.text:MQTT_qos2PubCqLogup)
                  01017da8    00000038     driverlib.a : prcm.obj (.text:PRCMLPDSEnterKeepDebugIf)
                  01017de0    00000038     slnetifwifi.a : slnetifwifi.obj (.text:SlNetIfWifi_recvFrom)
                  01017e18    00000038                   : slnetifwifi.obj (.text:SlNetIfWifi_sendTo)
                  01017e50    00000038                   : slnetifwifi.obj (.text:SlNetIfWifi_socket)
                  01017e88    00000038     slnetsock_release.a : slnetif.oem4 (.text:SlNetIf_configCheck)
                  01017ec0    00000038                         : slnetsock.oem4 (.text:SlNetSock_listen)
                  01017ef8    00000038                         : slnetutils.oem4 (.text:SlNetUtil_htonl)
                  01017f30    00000038     drivers_cc32xx.aem4 : TimerCC32XX.oem4 (.text:TimerCC32XX_hwiIntFunction)
                  01017f68    00000038     mqtt_release.a : client_core.oem4 (.text:mqpAllocAtomic)
                  01017fa0    00000038                    : client_core.oem4 (.text:netRecv)
                  01017fd8    00000038     drivers_cc32xx.aem4 : PowerCC32XX.oem4 (.text:notify)
                  01018010    00000038     freertos_builds_CC3220SF_LAUNCHXL_release_ccs.lib : timers.obj (.text:prvGetNextExpireTime)
                  01018048    00000038                                                       : port.obj (.text:prvTaskExitError)
                  01018080    00000038     rtsv7M4_T_le_eabi.lib : fs_tod_t2.asm.obj (.text)
                  010180b8    00000038                           : i_tofs_t2.asm.obj (.text)
                  010180f0    00000037     network_if.obj (.text:Network_IF_DeInitDriver)
                  01018127    00000001     --HOLE-- [fill = 0]
                  01018128    00000036     mqtt_release.a : mqtt_common.oem4 (.text:MQTT_packetPrepFh)
                  0101815e    00000036     slnetifwifi.a : slnetifwifi.obj (.text:SlNetIfWifi_getHostByName)
                  01018194    00000036                   : slnetifwifi.obj (.text:SlNetIfWifi_select)
                  010181ca    00000036     driverlib.a : timer.obj (.text:TimerControlStall)
                  01018200    00000036     drivers_cc32xx.aem4 : UARTCC32XX.oem4 (.text:UARTCC32XX_readCancel)
                  01018236    00000036     mqtt_release.a : client_core.oem4 (.text:_procPubRecRx)
                  0101826c    00000036     rtsv7M4_T_le_eabi.lib : strncpy.c.obj (.text:strncpy)
                  010182a2    00000002     --HOLE-- [fill = 0]
                  010182a4    00000034     driverlib.a : pin.obj (.text:PinModeGet)
                  010182d8    00000034     drivers_cc32xx.aem4 : PowerCC32XX.oem4 (.text:PowerCC32XX_restoreParkState)
                  0101830c    00000034     freertos_builds_CC3220SF_LAUNCHXL_release_ccs.lib : SemaphoreP_freertos.obj (.text:SemaphoreP_pend)
                  01018340    00000034     slnetsock_release.a : slnetutils.oem4 (.text:SlNetUtil_htons)
                  01018374    00000034     drivers_cc32xx.aem4 : TimerCC32XX.oem4 (.text:TimerCC32XX_freeTimerResource)
                  010183a8    00000034                         : UDMACC32XX.oem4 (.text:UDMACC32XX_close)
                  010183dc    00000034     freertos_builds_CC3220SF_LAUNCHXL_release_ccs.lib : mqueue.obj (.text:findInList)
                  01018410    00000034     drivers_cc32xx.aem4 : TimerCC32XX.oem4 (.text:getPowerMgrId)
                  01018444    00000034     mqtt_release.a : client_core.oem4 (.text:groupCtxsKaSequence)
                  01018478    00000034     encoder_SPI.obj (.text:init_SPI)
                  010184ac    00000034     movement_queue.obj (.text:movement_push)
                  010184e0    00000034     mqtt_release.a : client_core.oem4 (.text:mqpFreeLocked)
                  01018514    00000034                    : client_core.oem4 (.text:procLoopbackRecv)
                  01018548    00000034     freertos_builds_CC3220SF_LAUNCHXL_release_ccs.lib : timers.obj (.text:prvSampleTimeNow)
                  0101857c    00000034                                                       : tasks.obj (.text:vTaskPlaceOnEventList)
                  010185b0    00000032     mqtt_release.a : mqtt_common.oem4 (.text:MQTT_clCtxTimeoutInsert)
                  010185e2    00000032                    : client_core.oem4 (.text:connectedStateRx)
                  01018614    00000030     drivers_cc32xx.aem4 : PowerCC32XX.oem4 (.text:PowerCC32XX_restoreParkedPin)
                  01018644    00000030     simplelink.a : fs.obj (.text:_SlFsStrlen)
                  01018674    00000030     rtsv7M4_T_le_eabi.lib : snprintf.c.obj (.text:_outs)
                  010186a4    00000030                           : vsnprintf.c.obj (.text:_outs)
                  010186d4    00000030     mqtt_release.a : client_core.oem4 (.text:ack2MsgIdUnlog)
                  01018704    00000030                    : client_core.oem4 (.text:clientDescInit)
                  01018734    00000030     control_queue.obj (.text:control_push_wheel)
                  01018764    00000030     encoder_SPI.obj (.text:execute_instruction)
                  01018794    00000030     mqtt_release.a : mqttclient.oem4 (.text:getAvailableClictxMem)
                  010187c4    00000030     state_queue.obj (.text:state_push)
                  010187f4    00000030     rover_timers.obj (.text:timerInit)
                  01018824    00000030     freertos_builds_CC3220SF_LAUNCHXL_release_ccs.lib : list.obj (.text:vListInitialise)
                  01018854    00000030                                                       : port.obj (.text:vPortExitCritical)
                  01018884    00000030                                                       : tasks.obj (.text:xTaskGetSchedulerState)
                  010188b4    0000002e     simplelink.a : cc_pal.obj (.text:Mutex_create_handle)
                  010188e2    0000002e     freertos_builds_CC3220SF_LAUNCHXL_release_ccs.lib : timers.obj (.text:pvTimerGetTimerID)
                  01018910    0000002e     rtsv7M4_T_le_eabi.lib : i_tofd_t2.asm.obj (.text)
                  0101893e    00000002     --HOLE-- [fill = 0]
                  01018940    0000002c     freertos_builds_CC3220SF_LAUNCHXL_release_ccs.lib : HwiPCC32XX_freertos.obj (.text:HwiP_disable)
                  0101896c    0000002c     simplelink.a : cc_pal.obj (.text:NwpPowerOn)
                  01018998    0000002c     driverlib.a : prcm.obj (.text:PRCMLPDSIntervalSet)
                  010189c4    0000002c     drivers_cc32xx.aem4 : PowerCC32XX.oem4 (.text:PowerCC32XX_getParkState)
                  010189f0    0000002c     freertos_builds_CC3220SF_LAUNCHXL_release_ccs.lib : SemaphoreP_freertos.obj (.text:SemaphoreP_createBinary)
                  01018a1c    0000002c     slnetifwifi.a : slnetifwifi.obj (.text:SlNetIfWifi_recv)
                  01018a48    0000002c                   : slnetifwifi.obj (.text:SlNetIfWifi_send)
                  01018a74    0000002c     simplelink.a : driver.obj (.text:_SlDrvSyncObjWaitForever)
                  01018aa0    0000002c     mqtt_callback_queue.obj (.text:create_queues)
                  01018acc    0000002c     mqtt_release.a : client_core.oem4 (.text:doNetCloseRx)
                  01018af8    0000002c     encoder_queue.obj (.text:encoder_push_msg)
                  01018b24    0000002c     control_queue.obj (.text:jsmn_fill_token)
                  01018b50    0000002c     freertos_builds_CC3220SF_LAUNCHXL_release_ccs.lib : pthread_mutex.obj (.text:pthread_mutexattr_settype)
                  01018b7c    0000002c     mqtt_release.a : client_core.oem4 (.text:singleCtxAdjWaitSecsGet)
                  01018ba8    0000002c     rtsv7M4_T_le_eabi.lib : strncmp.c.obj (.text:strncmp)
                  01018bd4    0000002c     freertos_builds_CC3220SF_LAUNCHXL_release_ccs.lib : tasks.obj (.text:vTaskSetApplicationTaskTag)
                  01018c00    0000002c                                                       : port.obj (.text:xPortSysTickHandler)
                  01018c2c    0000002c                                                       : queue.obj (.text:xQueueCreateMutex)
                  01018c58    0000002a     slnetsock_release.a : slnetutils.oem4 (.text:SlNetUtil_inetPton)
                  01018c82    0000002a     driverlib.a : timer.obj (.text:TimerLoadSet)
                  01018cac    0000002a                 : timer.obj (.text:TimerPrescaleSet)
                  01018cd6    0000002a     mqtt_release.a : client_core.oem4 (.text:ack2MsgIdDispatch)
                  01018d00    0000002a                    : client_core.oem4 (.text:pingReqSend)
                  01018d2a    0000002a     freertos_builds_CC3220SF_LAUNCHXL_release_ccs.lib : queue.obj (.text:prvInitialiseMutex)
                  01018d54    0000002a     mqtt_release.a : client_core.oem4 (.text:txPartSetup)
                  01018d7e    0000002a     freertos_builds_CC3220SF_LAUNCHXL_release_ccs.lib : queue.obj (.text:uxQueueMessagesWaiting)
                  01018da8    00000028                                                       : HwiPCC32XX_freertos.obj (.text:HwiP_inISR)
                  01018dd0    00000028     mqtt_release.a : mqtt_common.oem4 (.text:MQTT_packetBufWrUtf8)
                  01018df8    00000028     driverlib.a : prcm.obj (.text:PRCMLPDSWakeupSourceEnable)
                  01018e20    00000028                 : prcm.obj (.text:PRCMPeripheralClkDisable)
                  01018e48    00000028     drivers_cc32xx.aem4 : PowerCC32XX.oem4 (.text:Power_registerNotify)
                  01018e70    00000028     slnetsock_release.a : slnetif.oem4 (.text:SlNetIf_getIfByID)
                  01018e98    00000028                         : slnetsock.oem4 (.text:SlNetSock_sdsIsSet)
                  01018ec0    00000028                         : slnetsock.oem4 (.text:SlNetSock_sdsSet)
                  01018ee8    00000028                         : slnetsock.oem4 (.text:SlNetSock_secAttribDelete)
                  01018f10    00000028     simplelink.a : driver.obj (.text:_SlDrvProtectionObjLockWaitForever)
                  01018f38    00000028                  : driver.obj (.text:_SlDrvProtectionObjUnLock)
                  01018f60    00000028                  : flowcont.obj (.text:_SlFlowContSet)
                  01018f88    00000028     mqtt_release.a : client_core.oem4 (.text:_procPubRelRx)
                  01018fb0    00000028                    : mqttclient.oem4 (.text:_sl_ExtLib_AwaitedAckLockedSet)
                  01018fd8    00000028     rtsv7M4_T_le_eabi.lib : memmov.c.obj (.text:memmove)
                  01019000    00000028     freertos_builds_CC3220SF_LAUNCHXL_release_ccs.lib : pthread.obj (.text:pthread_attr_setschedparam)
                  01019028    00000028                                                       : semaphore.obj (.text:sem_trywait)
                  01019050    00000028                                                       : tasks.obj (.text:xTaskGetApplicationTaskTag)
                  01019078    00000026     drivers_cc32xx.aem4 : List.oem4 (.text:List_put)
                  0101909e    00000026                         : List.oem4 (.text:List_remove)
                  010190c4    00000026     mqtt_release.a : mqtt_common.oem4 (.text:MQTT_clCtxRemove)
                  010190ea    00000026     freertos_builds_CC3220SF_LAUNCHXL_release_ccs.lib : pthread.obj (.text:_pthread_cleanup_pop)
                  01019110    00000026                                                       : queue.obj (.text:prvIsQueueFull)
                  01019136    00000002     --HOLE-- [fill = 0]
                  01019138    00000024     driverlib.a : interrupt.obj (.text:IntUnregister)
                  0101915c    00000024     drivers_cc32xx.aem4 : PowerCC32XX.oem4 (.text:PowerCC32XX_reset)
                  01019180    00000024     slnetsock_release.a : slnetif.oem4 (.text:SlNetIf_getConnectionStatus)
                  010191a4    00000024     simplelink.a : driver.obj (.text:_SlDrvIsApiInProgress)
                  010191c8    00000024                  : driver.obj (.text:_SlDrvStartMeasureTimeout)
                  010191ec    00000024     rtsv7M4_T_le_eabi.lib : boot_cortex_m.c.obj (.text:_c_int00_noargs:_c_int00_noargs)
                  01019210    00000024     mqtt_callback_queue.obj (.text:broker_push)
                  01019234    00000024     encoder_SPI.obj (.text:clear_SPI)
                  01019258    00000024     mqtt_release.a : client_core.oem4 (.text:conn2usedCtxs)
                  0101927c    00000024     encoder_queue.obj (.text:encoder_pop)
                  010192a0    00000024     event_group.obj (.text:event_connected)
                  010192c4    00000024     rtsv7M4_T_le_eabi.lib : memcmp.c.obj (.text:memcmp)
                  010192e8    00000024     freertos_builds_CC3220SF_LAUNCHXL_release_ccs.lib : queue.obj (.text:prvGetDisinheritPriorityAfterTimeout)
                  0101930c    00000024     mqtt_release.a : client_core.oem4 (.text:recvHvecLoad)
                  01019330    00000024     freertos_builds_CC3220SF_LAUNCHXL_release_ccs.lib : semaphore.obj (.text:sem_getvalue)
                  01019354    00000024     encoder_SPI.obj (.text:set_mode_SPI)
                  01019378    00000024     simplelink.a : wlan.obj (.text:sl_WlanDisconnect)
                  0101939c    00000024     freertos_builds_CC3220SF_LAUNCHXL_release_ccs.lib : queue.obj (.text:vQueueDelete)
                  010193c0    00000024                                                       : tasks.obj (.text:vTaskInternalSetTimeOutState)
                  010193e4    00000024                                                       : event_groups.obj (.text:xEventGroupSetBitsFromISR)
                  01019408    00000022     mqtt_release.a : mqtt_common.oem4 (.text:MQTT_packetProcMsgIdAckRx)
                  0101942a    00000022     mqtt_client_app.obj (.text:PID_CB)
                  0101944c    00000022     mqtt_client_app.obj (.text:STATE_CB)
                  0101946e    00000022     freertos_builds_CC3220SF_LAUNCHXL_release_ccs.lib : SemaphoreP_freertos.obj (.text:SemaphoreP_post)
                  01019490    00000022                                                       : pthread.obj (.text:pthread_attr_setdetachstate)
                  010194b2    00000002     --HOLE-- [fill = 0]
                  010194b4    00000020                                                       : ClockP_freertos.obj (.text:ClockP_getCpuFreq)
                  010194d4    00000020                                                       : HwiPCC32XX_freertos.obj (.text:HwiP_restore)
                  010194f4    00000020     driverlib.a : interrupt.obj (.text:IntRegister)
                  01019514    00000020     mqtt_release.a : mqtt_common.oem4 (.text:MQTT_qos2PubCqReset)
                  01019534    00000020     drivers_cc32xx.aem4 : PowerCC32XX.oem4 (.text:Power_unregisterNotify)
                  01019554    00000020                         : RingBuf.oem4 (.text:RingBuf_peek)
                  01019574    00000020     slnetifwifi.a : slnetifwifi.obj (.text:SlNetIfWifi_accept)
                  01019594    00000020     control_queue.obj (.text:control_pop)
                  010195b4    00000020     drivers_cc32xx.aem4 : SPICC32XXDMA.oem4 (.text:getPowerMgrId)
                  010195d4    00000020                         : UARTCC32XX.oem4 (.text:getPowerMgrId)
                  010195f4    00000020     movement_queue.obj (.text:movement_pop)
                  01019614    00000020     freertos_builds_CC3220SF_LAUNCHXL_release_ccs.lib : queue.obj (.text:prvIsQueueEmpty)
                  01019634    00000020                                                       : semaphore.obj (.text:semaphorePend)
                  01019654    00000020     mqtt_release.a : client_core.oem4 (.text:session311fix)
                  01019674    00000020     state_queue.obj (.text:state_pop)
                  01019694    00000020     freertos_builds_CC3220SF_LAUNCHXL_release_ccs.lib : event_groups.obj (.text:xEventGroupCreate)
                  010196b4    0000001e                                                       : ClockP_freertos.obj (.text:ClockP_start)
                  010196d2    0000001e                                                       : HwiPCC32XX_freertos.obj (.text:HwiP_Params_init)
                  010196f0    0000001e     mqtt_release.a : client_core.oem4 (.text:MQTTClientCore_alloc)
                  0101970e    0000001e                    : client_core.oem4 (.text:MQTTClientCore_ctxRun)
                  0101972c    0000001e     slnetifwifi.a : slnetifwifi.obj (.text:SlNetIfWifi_bind)
                  0101974a    0000001e                   : slnetifwifi.obj (.text:SlNetIfWifi_connect)
                  01019768    0000001e     driverlib.a : timer.obj (.text:TimerDisable)
                  01019786    0000001e                 : timer.obj (.text:TimerEnable)
                  010197a4    0000001e     simplelink.a : driver.obj (.text:_SlDrvObjLockWaitForever)
                  010197c2    0000001e                  : driver.obj (.text:_SlDrvObjUnLock)
                  010197e0    0000001e                  : driver.obj (.text:_SlDrvSyncObjSignal)
                  010197fe    0000001e     freertos_builds_CC3220SF_LAUNCHXL_release_ccs.lib : pthread.obj (.text:_pthread_runStub)
                  0101981c    0000001e     control_queue.obj (.text:jsmn_init)
                  0101983a    0000001e     drivers_cc32xx.aem4 : UDMACC32XX.oem4 (.text:postNotifyFxn)
                  01019858    0000001e     mqtt_release.a : client_core.oem4 (.text:procNetDataRecv)
                  01019876    0000001e     mqtt_callback_queue.obj (.text:sendMsgToQueue)
                  01019894    0000001e     mqtt_release.a : client_core.oem4 (.text:sessionDelete)
                  010198b2    0000001c     freertos_builds_CC3220SF_LAUNCHXL_release_ccs.lib : ClockP_freertos.obj (.text:ClockP_Params_init)
                  010198ce    00000002     --HOLE-- [fill = 0]
                  010198d0    0000001c     uart_term.obj (.text:Message)
                  010198ec    0000001c     driverlib.a : pin.obj (.text:PinToPadGet)
                  01019908    0000001c     simplelink.a : device.obj (.text:_SlDeviceGetStartResponseConvert)
                  01019924    0000001c                  : spawn.obj (.text:_SlInternalIsItSpawnThread)
                  01019940    0000001c     state_thread.obj (.text:arm_adjust)
                  0101995c    0000001c     mqtt_release.a : client_core.oem4 (.text:awaitsPkts)
                  01019978    0000001c     control_queue.obj (.text:create_control_queue)
                  01019994    0000001c     encoder_queue.obj (.text:create_encoder_queue)
                  010199b0    0000001c     event_group.obj (.text:create_event_group)
                  010199cc    0000001c     movement_queue.obj (.text:create_movement_queue)
                  010199e8    0000001c     state_queue.obj (.text:create_state_queue)
                  01019a04    0000001c     mqtt_release.a : client_core.oem4 (.text:doNetCloseTx)
                  01019a20    0000001c     rtsv7M4_T_le_eabi.lib : memccpy.c.obj (.text:memccpy)
                  01019a3c    0000001c     mqtt_release.a : client_core.oem4 (.text:processRecv)
                  01019a58    0000001c     freertos_builds_CC3220SF_LAUNCHXL_release_ccs.lib : pthread.obj (.text:pthread_attr_init)
                  01019a74    0000001c                                                       : pthread_mutex.obj (.text:pthread_mutexattr_init)
                  01019a90    0000001c                                                       : tasks.obj (.text:pvTaskIncrementMutexHeldCount)
                  01019aac    0000001c     mqtt_release.a : client_core.oem4 (.text:usedCtxsTOSort)
                  01019ac8    0000001a                    : mqtt_common.oem4 (.text:MQTT_packetAckWlistPurge)
                  01019ae2    0000001a     freertos_builds_CC3220SF_LAUNCHXL_release_ccs.lib : PTLS.obj (.text:PTLS_taskDeleteHook)
                  01019afc    0000001a     slnetifwifi.a : slnetifwifi.obj (.text:SlNetIfWifi_listen)
                  01019b16    0000001a     freertos_builds_CC3220SF_LAUNCHXL_release_ccs.lib : timers.obj (.text:prvTimerTask)
                  01019b30    0000001a                                                       : pthread_mutex.obj (.text:pthread_mutex_destroy)
                  01019b4a    00000018     mqtt_release.a : mqtt_common.oem4 (.text:MQTT_clCtxTimeoutUpdate)
                  01019b62    00000002     --HOLE-- [fill = 0]
                  01019b64    00000018     drivers_cc32xx.aem4 : PowerCC32XX.oem4 (.text:Power_idleFunc)
                  01019b7c    00000018                         : TimerCC32XX.oem4 (.text:TimerCC32XX_getCount)
                  01019b94    00000018     driverlib.a : timer.obj (.text:TimerIntDisable)
                  01019bac    00000018                 : timer.obj (.text:TimerIntEnable)
                  01019bc4    00000018                 : uart.obj (.text:UARTBusy)
                  01019bdc    00000018                 : uart.obj (.text:UARTIntEnable)
                  01019bf4    00000018     drivers_cc32xx.aem4 : UART.oem4 (.text:UART_Params_init)
                  01019c0c    00000018     rtsv7M4_T_le_eabi.lib : snprintf.c.obj (.text:_outc)
                  01019c24    00000018                           : vsnprintf.c.obj (.text:_outc)
                  01019c3c    00000018                           : sprintf.c.obj (.text:_outs)
                  01019c54    00000018     freertos_builds_CC3220SF_LAUNCHXL_release_ccs.lib : memory.obj (.text:free)
                  01019c6c    00000018     mqtt_release.a : client_core.oem4 (.text:groupCtxsAdjWaitSecsGet)
                  01019c84    00000018                    : client_core.oem4 (.text:netClCtxFind)
                  01019c9c    00000018     rtsv7M4_T_le_eabi.lib : ll_mul_t2.asm.obj (.text)
                  01019cb4    00000018     freertos_builds_CC3220SF_LAUNCHXL_release_ccs.lib : semaphore.obj (.text:sem_wait)
                  01019ccc    00000018     event_group.obj (.text:set_connect_flag)
                  01019ce4    00000018     rtsv7M4_T_le_eabi.lib : strcmp.c.obj (.text:strcmp)
                  01019cfc    00000016     freertos_builds_CC3220SF_LAUNCHXL_release_ccs.lib : ClockP_freertos.obj (.text:ClockP_setTimeout)
                  01019d12    00000016     mqtt_release.a : mqtt_net_func.oem4 (.text:MQTTNet_commClose)
[...]
01018195  SlNetIfWifi_select                        
010181cb  TimerControlStall                         
01018201  UARTCC32XX_readCancel                     
0101826d  strncpy                                   
010182a5  PinModeGet                                
010182d9  PowerCC32XX_restoreParkState              
0101830d  SemaphoreP_pend                           
01018341  SlNetUtil_htons                           
01018341  SlNetUtil_ntohs                           
01018375  TimerCC32XX_freeTimerResource             
010183a9  UDMACC32XX_close                          
01018479  init_SPI                                  
010184ad  movement_push                             
0101857d  vTaskPlaceOnEventList                     
010185b1  MQTT_clCtxTimeoutInsert                   
01018615  PowerCC32XX_restoreParkedPin              
01018735  control_push_wheel                        
01018765  execute_instruction                       
010187c5  state_push                                
010187f5  timerInit                                 
01018825  vListInitialise                           
01018855  vPortExitCritical                         
01018885  xTaskGetSchedulerState                    
010188b5  Mutex_create_handle                       
010188e3  pvTimerGetTimerID                         
01018911  __aeabi_i2d                               
01018941  HwiP_disable                              
0101896d  NwpPowerOn                                
01018999  PRCMLPDSIntervalSet                       
010189c5  PowerCC32XX_getParkState                  
010189f1  SemaphoreP_createBinary                   
01018a1d  SlNetIfWifi_recv                          
01018a49  SlNetIfWifi_send                          
01018a75  _SlDrvSyncObjWaitForever                  
01018aa1  create_queues                             
01018af9  encoder_push_msg                          
01018b51  pthread_mutexattr_settype                 
01018ba9  strncmp                                   
01018bd5  vTaskSetApplicationTaskTag                
01018c01  xPortSysTickHandler                       
01018c2d  xQueueCreateMutex                         
01018c59  SlNetUtil_inetPton                        
01018c83  TimerLoadSet                              
01018cad  TimerPrescaleSet                          
01018d7f  uxQueueMessagesWaiting                    
01018da9  HwiP_inISR                                
01018dd1  MQTT_packetBufWrUtf8                      
01018df9  PRCMLPDSWakeupSourceEnable                
01018e21  PRCMPeripheralClkDisable                  
01018e49  Power_registerNotify                      
01018e71  SlNetIf_getIfByID                         
01018e99  SlNetSock_sdsIsSet                        
01018ec1  SlNetSock_sdsSet                          
01018ee9  SlNetSock_secAttribDelete                 
01018f11  _SlDrvProtectionObjLockWaitForever        
01018f39  _SlDrvProtectionObjUnLock                 
01018f61  _SlFlowContSet                            
01018fb1  _sl_ExtLib_AwaitedAckLockedSet            
01018fd9  memmove                                   
01019001  pthread_attr_setschedparam                
01019029  sem_trywait                               
01019051  xTaskGetApplicationTaskTag                
01019079  List_put                                  
0101909f  List_remove                               
010190c5  MQTT_clCtxRemove                          
010190eb  _pthread_cleanup_pop                      
01019139  IntUnregister                             
0101915d  PowerCC32XX_reset                         
01019181  SlNetIf_getConnectionStatus               
010191a5  _SlDrvIsApiInProgress                     
010191c9  _SlDrvStartMeasureTimeout                 
010191ed  _c_int00_noargs                           
01019211  broker_push                               
01019235  clear_SPI                                 
0101927d  encoder_pop                               
010192a1  event_connected                           
010192c5  memcmp                                    
01019331  sem_getvalue                              
01019355  set_mode_SPI                              
01019379  sl_WlanDisconnect                         
0101939d  vQueueDelete                              
010193c1  vTaskInternalSetTimeOutState              
010193e5  xEventGroupSetBitsFromISR                 
01019409  MQTT_packetProcMsgIdAckRx                 
0101942b  PID_CB                                    
0101944d  STATE_CB                                  
0101946f  SemaphoreP_post                           
01019491  pthread_attr_setdetachstate               
010194b5  ClockP_getCpuFreq                         
010194d5  HwiP_restore                              
010194f5  IntRegister                               
01019515  MQTT_qos2PubCqReset                       
01019535  Power_unregisterNotify                    
01019555  RingBuf_peek                              
01019575  SlNetIfWifi_accept                        
01019595  control_pop                               
010195f5  movement_pop                              
01019675  state_pop                                 
01019695  xEventGroupCreate                         
010196b5  ClockP_start                              
010196d3  HwiP_Params_init                          
010196f1  MQTTClientCore_alloc                      
0101970f  MQTTClientCore_ctxRun                     
0101972d  SlNetIfWifi_bind                          
0101974b  SlNetIfWifi_connect                       
01019769  TimerDisable                              
01019787  TimerEnable                               
010197a5  _SlDrvObjLockWaitForever                  
010197c3  _SlDrvObjUnLock                           
010197e1  _SlDrvSyncObjSignal                       
0101981d  jsmn_init                                 
01019877  sendMsgToQueue                            
010198b3  ClockP_Params_init                        
010198d1  Message                                   
010198ed  PinToPadGet                               
01019925  _SlInternalIsItSpawnThread                
01019941  arm_adjust                                
01019979  create_control_queue                      
01019995  create_encoder_queue                      
010199b1  create_event_group                        
010199cd  create_movement_queue                     
010199e9  create_state_queue                        
01019a21  memccpy                                   
01019a59  pthread_attr_init                         
01019a75  pthread_mutexattr_init                    
01019a91  pvTaskIncrementMutexHeldCount             
01019ac9  MQTT_packetAckWlistPurge                  
01019ae3  PTLS_taskDeleteHook                       
01019afd  SlNetIfWifi_listen                        
01019b31  pthread_mutex_destroy                     
01019b4b  MQTT_clCtxTimeoutUpdate                   
01019b65  Power_idleFunc                            
01019b7d  TimerCC32XX_getCount                      
01019b95  TimerIntDisable                           
01019bad  TimerIntEnable                            
01019bc5  UARTBusy                                  
01019bdd  UARTIntEnable                             
01019bf5  UART_Params_init                          
01019c55  free                                      
01019c9d  __aeabi_lmul                              
01019cb5  sem_wait                                  
01019ccd  set_connect_flag                          
01019ce5  strcmp                                    
01019cfd  ClockP_setTimeout                         
01019d13  MQTTNet_commClose                         
01019d29  MQTT_clCtxReset                           
01019d3f  MQTT_packetFree                           
01019d55  MQTT_packetInit                           
01019d6b  PRCMHIBRegRead                            
01019d81  PRCMHIBRegWrite                           
01019d97  PTLS_getBuf                               
01019dad  PTLS_setBuf                               
01019dc3  SemaphoreP_Params_init                    
01019dd9  _SlDrvMemZero                             
01019df1  resetISR                                  
01019e00  resetVectorAddr                           
01019e07  strchr                                    
01019e1d  CPUcpsie                                  
01019e31  IntVTableBaseSet                          
01019e45  MQTTClient_publish                        
01019e59  MQTTNet_rtcSecs                           
01019e6d  MQTT_packetAckWlistAppend                 
01019e81  MQTT_packetReset                          
01019e95  Power_getDependencyCount                  
01019ea9  SPI_Params_init                           
01019ebd  SlNetSock_sdsClrAll                       
01019ef9  pthread_attr_setstacksize                 
01019f0d  pthread_mutex_lock                        
01019f21  pthread_self                              
01019f49  sem_destroy                               
01019f5d  setN                                      
01019f71  strcpy                                    
01019f85  strlen                                    
01019fc1  vPortSuppressTicksAndSleep                
01019fd5  xTaskGetCurrentTaskHandle                 
01019fe9  xTaskGetTickCount                         
01019ffd  HwiP_delete                               
0101a00f  RingBuf_construct                         
0101a021  SlNetIfWifi_close                         
0101a033  TimerIntClear                             
0101a069  wcslen                                    
0101a07b  Board_init                                
0101a08b  ClockP_getSystemTickPeriod                
0101a09b  SlNetSock_secAttribCreate                 
0101a0ad  SysTickDisable                            
0101a0bd  SysTickEnable                             
0101a0cd  Timer_Params_init                         
0101a0dd  _SlDrvDispatchHttpServerEvents            
0101a0ed  _SlDrvDispatchNetAppRequestEvents         
0101a0fd  _SlDrvIsSpawnOwnGlobalLock                
0101a16d  vEventGroupSetBitsCallback                
0101a17d  vListInitialiseItem                       
0101a18d  vTaskSuspendAll                           
0101a19d  MQTTClient_subscribe                      
0101a1ab  Power_getTransitionLatency                
0101a1b9  RingBuf_isFull                            
0101a1c7  _SlDrvResetCmdExt                         
0101a1d5  _sl_ExtLib_AwaitedAckSet                  
0101a1f1  __TI_decompress_none                      
0101a20d  spi_Close                                 
0101a21b  vApplicationStackOverflowHook             
0101a229  BrokerCB                                  
0101a235  CPUwfi                                    
0101a241  HwiP_clearInterrupt                       
0101a24d  HwiP_disableInterrupt                     
0101a259  HwiP_enableInterrupt                      
0101a265  MQTTClientCore_sendConnectMsg             
0101a271  MQTT_secureConnStructInit                 
0101a27d  Network_IF_ResetMCUStateMachine           
0101a289  NwpMaskInterrupt                          
0101a295  NwpUnMaskInterrupt                        
0101a2a1  Power_getConstraintMask                   
0101a2ad  SemaphoreP_delete                         
0101a2b9  SimpleLinkHttpServerEventHandler          
0101a2c5  SimpleLinkNetAppRequestEventHandler       
0101a2d1  _SlDeviceResetRequestInitCompletedCB      
0101a2e9  copysign                                  
0101a2e9  copysignl                                 
0101a2f5  __TI_zero_init                            
0101a301  getN                                      
0101a325  uDMAErrorStatusClear                      
0101a331  uDMAErrorStatusGet                        
0101a33d  vTaskMissedYield                          
0101a349  IntMasterEnable                           
0101a353  SPI_close                                 
0101a35d  SPI_transfer                              
0101a367  SimpleLinkNetAppRequestMemFreeEventHandler
0101a371  Timer_start                               
0101a37b  UART_control                              
0101a385  UART_readPolling                          
0101a38f  UART_write                                
0101a399  UART_writePolling                         
0101a3ad  sl_Task                                   
0101a3b7  ClockP_getSystemTicks                     
0101a3bf  MQTTClientCore_sendSubMsg                 
0101a3c7  MQTTNet_tcpSend                           
0101a3cf  PRCMSleepEnter                            
0101a3d7  TimerGetCurrentTimestamp                  
0101a3ff  SPICC32XXDMA_control                      
0101a405  TimerCC32XX_control                       
0101a40b  UtilsDelay                                
0101a417  atof                                      
0101a42f  SPICC32XXDMA_init                         
0101a433  SlNetIf_init                              
0101a437  SlNetUtil_init                            
0101a43b  _system_pre_init                          
0101a43f  C$$EXIT                                   
0101a43f  abort                                     
0101a450  _ctypes_                                  
0101a898  spiCC32XXDMAHWAttrs                       
0101a910  OpcodeTranslateTable                      
0101a980  _SlActionLookupTable                      
0101a9d0  PowerCC32XX_config                        
0101aa4c  timerCC32XXHWAttrs                        
0101aa7c  UARTCC32XX_fxnTable                       
0101aaa4  Timer_config                              
0101aac8  UART_defaultParams                        
0101ab78  SPI_defaultParams                         
0101abb8  TimerCC32XX_fxnTable                      
0101abf8  Display_count                             
0101abf9  CONFIG_ADC_0_CONST                        
0101abfa  ADC_count                                 
0101abfb  CONFIG_Crypto_0_CONST                     
0101abfc  CryptoCC32XX_count                        
0101abfd  slave_select_1_CONST                      
0101abfe  slave_select_2_CONST                      
0101abff  slave_select_3_CONST                      
0101ac00  DEBUG_0_CONST                             
0101ac01  DEBUG_1_CONST                             
0101ac02  DEBUG_2_CONST                             
0101ac03  DEBUG_3_CONST                             
0101ac04  DEBUG_4_CONST                             
0101ac05  DEBUG_5_CONST                             
0101ac06  CONFIG_LED_0_GPIO_CONST                   
0101ac07  CONFIG_SPI_0_CONST                        
0101ac08  CONFIG_NWP_SPI_CONST                      
0101ac09  SPI_count                                 
0101ac0a  CONFIG_TIMER_0_CONST                      
0101ac0b  CONFIG_TIMER_1_CONST                      
0101ac0c  CONFIG_TIMER_2_CONST                      
0101ac0d  Timer_count                               
0101ac0e  motor_driver_uart_CONST                   
0101ac0f  CONFIG_UART_0_CONST                       
0101ac10  UART_count                                
0101ac11  CONFIG_WATCHDOG_0_CONST                   
0101ac12  Watchdog_count                            
0101ac13  CONFIG_LED_0_CONST                        
0101ac14  LED_count                                 
0101ac6c  SPICC32XXDMA_fxnTable                     
0101ac84  SPI_config                                
0101ac9c  UART_config                               
0101adcc  GPIOCC32XX_config                         
0101afac  udmaCC3220SHWAttrs                        
0101afb8  UDMACC32XX_config                         
0101afc0  ulMaxSyscallInterruptPriority             
0101afe0  outPinTypes                               
0101aff6  inPinTypes                                
0101affc  outPinStrengths                           
0101b048  _SlNetAppSendResponseCmdCtrl              
0101b04c  _SlNetAppSendTokenValueCmdCtrl            
0101b088  __TI_static_base__                        
0101b24c  __TI_Handler_Table_Base                   
0101b258  __TI_Handler_Table_Limit                  
0101b260  __TI_CINIT_Base                           
0101b270  __TI_CINIT_Limit                          
20000000  __start___llvm_prf_cnts                   
20000000  __stop___llvm_prf_cnts                    
20014000  g_CB                                      
200143fc  clients                                   
20014f1c  PowerCC32XX_contextSave                   
200151e0  timerCC32XXObjects                        
2001527c  spiCC32XXDMAObjects                       
20015304  uartCC32XXObjects0                        
20015388  uartCC32XXObjects1                        
200154d4  GlobalLockObj                             
20015500  g_SlInternalSpawnCB                       
20015528  g_ucConnectionSSID                        
20015694  MQTTClient_Lib_CB                         
200156a4  DeviceCB                                  
200156b0  Msg                                       
200156d4  g_ucConnectionBSSID                       
200156dc  spiCC32XXSDMAscratchBuf                   
200156e4  udmaCC3220SObject                         
200156fc  N                                         
20015700  control_qh                                
20015704  encoder_qh                                
20015708  movement_qh                               
2001570c  mqttClientHandle                          
20015710  mqtt_qh                                   
20015714  qh                                        
20015718  rover_uart                                
2001571c  state_qh                                  
20015720  tri_encoder                               
20015724  uartHandle                                
20015728  xEventGroup                               
2001572c  MQTTClient_waitSecs                       
2001572e  g_usConnectIndex                          
20015730  RxIrqCnt                                  
20015734  HwiP_dispatchTable                        
20015f34  PowerCC32XX_module                        
200160a0  parkInfo                                  
20016198  SlNetIfConfigWifi                         
20016228  pxCurrentTCB                              
2001625c  MQTTClient_net                            
20016284  gpioCallbackFunctions                     
200162ac  gpioPinConfigs                            
200162d4  g_LibsEvents                              
200162f8  g_UserEvents                              
20016368  mqttClientParams                          
20016380  mqttConnParams                            
200163bc  ClientId                                  
200163fc  mqttWillParams                            
20016408  g_ulStaIp                                 
2001640c  g_ulGatewayIP                             
20016410  g_ulStatus                                
20016420  gGlobalLockCntRequested                   
20016421  gGlobalLockCntReleased                    
20016422  g_SlDeviceStatus                          
20016424  g_pCB                                     
20016428  pPingCallBackFunc                         
20016450  MQTTClient_closeContext                   
20016454  MQTTClient_clientContext                  
20016458  MQTTClient_multiSrvConn                   
2001645c  MQTTClient_clientCfg                      
20016474  mqttInitParams                            
20016494  MQTTClient_connectCfg                     
200164a8  g_intHandle                               
2003fc00  __stack                                   
20040000  __STACK_END                               
ffffffff  __TI_pprof_out_hndl                       
ffffffff  __TI_prof_data_size                       
ffffffff  __TI_prof_data_start                      
ffffffff  __binit__                                 
ffffffff  __c_args__                                
ffffffff  binit                                     
UNDEFED   __mpu_init                                
UNDEFED   _system_post_cinit                        

[798 symbols]
